HI-TECH Software C Compiler 

Linker command line:

--edf=C:\Program Files (x86)\HI-TECH Software\PICC\9.83\dat\en_msgs.txt -cs \
  -h+adc.sym -z -Q16F887 -ol.obj -Madc.map -E1 -ACONST=00h-0FFhx32 \
  -ACODE=00h-07FFhx4 -ASTRCODE=00h-01FFFh -AENTRY=00h-0FFhx32 \
  -ASTRING=00h-0FFhx32 -ABANK0=020h-06Fh -ABANK1=0A0h-0EFh \
  -ABANK2=0110h-016Fh -ABANK3=0190h-01EFh \
  -ARAM=020h-06Fh,0A0h-0EFh,0110h-016Fh,0190h-01EFh \
  -AABS1=020h-07Fh,0A0h-0EFh,0110h-016Fh,0190h-01EFh -ACOMMON=070h-07Fh \
  -ASFR0=00h-01Fh -ASFR1=080h-09Fh -ASFR2=0100h-010Fh -ASFR3=0180h-018Fh \
  -preset_vec=00h,intentry,init,end_init -ppowerup=CODE -pfunctab=CODE \
  -ACONFIG=02007h-02008h -pconfig=CONFIG -DCONFIG=2 -AIDLOC=02000h-02003h \
  -pidloc=IDLOC -DIDLOC=2 -AEEDATA=00h-0FFh/02100h -peeprom_data=EEDATA \
  -DEEDATA=2 -DCODE=2 -DSTRCODE=2 -DSTRING=2 -DCONST=2 -DENTRY=2 -k \
  startup.obj adc.obj 

Object code version is 3.10

Machine type is 16F887



                Name                               Link     Load   Length Selector   Space Scale
startup.obj     end_init                              0        0        3        0       0
adc.obj         config                             2007     2007        1     400E       0
                text144                             4EF      4EF       62      9DE       0
                text143                             4AA      4AA       45      954       0
                text142                             441      441       2C      882       0
                text141                             46D      46D       3D      8DA       0
                text138                             551      551      13A      AA2       0
                maintext                            68B      68B      175      D16       0
                cstackBANK0                          20       20       21       20       1
                cstackCOMMON                         70       70        D       70       1
                dataBANK0                            41       41        A       20       1
                bssBANK0                             4B       4B        6       20       1
                bssCOMMON                            7D       7D        1       70       1
                cinit                               422      422       1F      844       0

TOTAL           Name                               Link     Load   Length     Space
        CLASS   CONST          

        CLASS   CODE           
                end_init                              0        0        3         0
                text144                             4EF      4EF       62         0
                text143                             4AA      4AA       45         0
                text142                             441      441       2C         0
                text141                             46D      46D       3D         0
                text138                             551      551      13A         0
                maintext                            68B      68B      175         0
                cinit                               422      422       1F         0

        CLASS   STRCODE        

        CLASS   ENTRY          

        CLASS   STRING         

        CLASS   BANK0          
                cstackBANK0                          20       20       21         1
                dataBANK0                            41       41        A         1
                bssBANK0                             4B       4B        6         1

        CLASS   BANK1          

        CLASS   BANK2          

        CLASS   BANK3          

        CLASS   RAM            

        CLASS   ABS1           
                abs_s1                               7E       7E        2         1

        CLASS   COMMON         
                cstackCOMMON                         70       70        D         1
                bssCOMMON                            7D       7D        1         1

        CLASS   SFR0           

        CLASS   SFR1           

        CLASS   SFR2           

        CLASS   SFR3           

        CLASS   CONFIG         
                config                             2007     2007        1         0

        CLASS   IDLOC          

        CLASS   EEDATA         



SEGMENTS        Name                           Load    Length   Top    Selector   Space  Class     Delta

                reset_vec                      000000  000003  000003         0       0  CODE        2
                cstackBANK0                    000020  000031  000051        20       1  BANK0       1
                cstackCOMMON                   000070  00000E  00007E        70       1  COMMON      1
                cinit                          000422  00001F  000441       844       0  CODE        2
                text142                        000441  00002C  00046D       882       0  CODE        2
                text141                        00046D  00003D  0004AA       8DA       0  CODE        2
                text143                        0004AA  000045  0004EF       954       0  CODE        2
                text144                        0004EF  000062  000551       9DE       0  CODE        2
                text138                        000551  00013A  00068B       AA2       0  CODE        2
                maintext                       00068B  000175  000800       D16       0  CODE        2
                config                         002007  000001  002008      400E       0  CONFIG      2


UNUSED ADDRESS RANGES

        Name                Unused          Largest block    Delta
        BANK0            0051-006F             1F           1
        BANK1            00A0-00EF             50           1
        BANK2            0110-016F             60           1
        BANK3            0190-01EF             60           1
        CODE             0003-0421            41F           2
                         0800-1FFF            800
        CONFIG           2008-2008              1           2
        CONST            0003-0421            100           2
                         0800-1FFF            100
        EEDATA           2100-21FF            100           2
        ENTRY            0003-0421            100           2
                         0800-1FFF            100
        IDLOC            2000-2003              4           2
        RAM              0051-006F             1F           1
                         00A0-00EF             50
                         0110-016F             60
                         0190-01EF             60
        SFR0             0000-001F             20           1
        SFR1             0080-009F             20           1
        SFR2             0100-010F             10           1
        SFR3             0180-018F             10           1
        STRCODE          0003-0421            41F           2
                         0800-1FFF           1800
        STRING           0003-0421            100           2
                         0800-1FFF            100

                                  Symbol Table

??___awdiv             cstackCOMMON 007D
??___awmod             cstackCOMMON 007D
??___awtoft            cstackCOMMON 007B
??___ftdiv             cstackBANK0  0026
??___ftge              cstackCOMMON 0076
??___ftmul             cstackBANK0  0035
??___ftpack            cstackCOMMON 0075
??___fttol             cstackCOMMON 0074
??_main                cstackBANK0  003E
?___awdiv              cstackBANK0  0020
?___awmod              cstackBANK0  0020
?___awtoft             cstackCOMMON 0078
?___ftdiv              cstackBANK0  0020
?___ftge               cstackCOMMON 0070
?___ftmul              cstackBANK0  002F
?___ftpack             cstackCOMMON 0070
?___fttol              cstackCOMMON 0070
?_main                 cstackCOMMON 0070
_ADCS0                 (abs)        00FE
_ADCS1                 (abs)        00FF
_ADFM                  (abs)        04FF
_ADON                  (abs)        00F8
_ADRESH                (abs)        001E
_ADRESL                (abs)        009E
_ANS0                  (abs)        0C40
_CHS0                  (abs)        00FA
_CHS1                  (abs)        00FB
_CHS2                  (abs)        00FC
_CHS3                  (abs)        00FD
_GO_nDONE              (abs)        00F9
_PORTC                 (abs)        0007
_RB1                   (abs)        0031
_RB2                   (abs)        0032
_TRISA0                (abs)        0428
_TRISB1                (abs)        0431
_TRISB2                (abs)        0432
_TRISC                 (abs)        0087
_TRISD                 (abs)        0088
_VCFG0                 (abs)        04FC
_VCFG1                 (abs)        04FD
__Habs1                abs1         0000
__Hbank0               bank0        0000
__Hbank1               bank1        0000
__Hbank2               bank2        0000
__Hbank3               bank3        0000
__HbssBANK0            bssBANK0     0000
__HbssCOMMON           bssCOMMON    0000
__Hcinit               cinit        0000
__Hclrtext             clrtext      0000
__Hcode                code         0000
__Hcommon              common       0000
__Hconfig              config       2008
__HcstackBANK0         cstackBANK0  0000
__HcstackCOMMON        cstackCOMMON 0000
__HdataBANK0           dataBANK0    0000
__Heeprom_data         eeprom_data  0000
__Hend_init            end_init     0003
__Hfunctab             functab      0000
__HidataBANK0          idataBANK0   0000
__Hidloc               idloc        0000
__Hinit                init         0000
__Hintentry            intentry     0000
__Hmaintext            maintext     0000
__Hpa_nodes            pa_nodes     0000
__Hpowerup             powerup      0000
__Hram                 ram          0000
__Hreset_vec           reset_vec    0000
__Hsfr0                sfr0         0000
__Hsfr1                sfr1         0000
__Hsfr2                sfr2         0000
__Hsfr3                sfr3         0000
__Hstrings             strings      0000
__Htext                text         0000
__Labs1                abs1         0000
__Lbank0               bank0        0000
__Lbank1               bank1        0000
__Lbank2               bank2        0000
__Lbank3               bank3        0000
__LbssBANK0            bssBANK0     0000
__LbssCOMMON           bssCOMMON    0000
__Lcinit               cinit        0000
__Lclrtext             clrtext      0000
__Lcode                code         0000
__Lcommon              common       0000
__Lconfig              config       2007
__LcstackBANK0         cstackBANK0  0000
__LcstackCOMMON        cstackCOMMON 0000
__LdataBANK0           dataBANK0    0000
__Leeprom_data         eeprom_data  0000
__Lend_init            end_init     0000
__Lfunctab             functab      0000
__LidataBANK0          idataBANK0   0000
__Lidloc               idloc        0000
__Linit                init         0000
__Lintentry            intentry     0000
__Lmaintext            maintext     0000
__Lpa_nodes            pa_nodes     0000
__Lpowerup             powerup      0000
__Lram                 ram          0000
__Lreset_vec           reset_vec    0000
__Lsfr0                sfr0         0000
__Lsfr1                sfr1         0000
__Lsfr2                sfr2         0000
__Lsfr3                sfr3         0000
__Lstrings             strings      0000
__Ltext                text         0000
__S0                   (abs)        2008
__S1                   (abs)        007E
__S2                   (abs)        0000
___awdiv               text143      04AA
___awdiv@counter       cstackBANK0  0024
___awdiv@dividend      cstackBANK0  0022
___awdiv@divisor       cstackBANK0  0020
___awdiv@quotient      cstackBANK0  0026
___awdiv@sign          cstackBANK0  0025
___awmod               text141      046D
___awmod@counter       cstackBANK0  0024
___awmod@dividend      cstackBANK0  0022
___awmod@divisor       cstackBANK0  0020
___awmod@sign          cstackBANK0  0025
___awtoft              text138      0551
___awtoft@c            cstackCOMMON 0078
___awtoft@sign         cstackCOMMON 007B
___ftdiv               text138      056C
___ftdiv@cntr          cstackBANK0  0029
___ftdiv@exp           cstackBANK0  002D
___ftdiv@f1            cstackBANK0  0023
___ftdiv@f2            cstackBANK0  0020
___ftdiv@f3            cstackBANK0  002A
___ftdiv@sign          cstackBANK0  002E
___ftge                text142      0441
___ftge@ff1            cstackCOMMON 0070
___ftge@ff2            cstackCOMMON 0073
___ftmul               text138      05D4
___ftmul@cntr          cstackBANK0  003C
___ftmul@exp           cstackBANK0  0038
___ftmul@f1            cstackBANK0  002F
___ftmul@f2            cstackBANK0  0032
___ftmul@f3_as_product cstackBANK0  0039
___ftmul@sign          cstackBANK0  003D
___ftpack              text138      0643
___ftpack@arg          cstackCOMMON 0070
___ftpack@exp          cstackCOMMON 0073
___ftpack@sign         cstackCOMMON 0074
___fttol               text144      04EF
___fttol@exp1          cstackCOMMON 007C
___fttol@f1            cstackCOMMON 0070
___fttol@lval          cstackCOMMON 0078
___fttol@sign1         cstackCOMMON 0077
__end_of___awdiv       text143      04EF
__end_of___awmod       text141      04AA
__end_of___awtoft      text138      056C
__end_of___ftdiv       text138      05D4
__end_of___ftge        text142      046D
__end_of___ftmul       text138      0643
__end_of___ftpack      text138      0681
__end_of___fttol       text144      054A
__end_of_main          maintext     0800
__pbssBANK0            bssBANK0     004B
__pbssCOMMON           bssCOMMON    007D
__pcstackBANK0         cstackBANK0  0020
__pcstackCOMMON        cstackCOMMON 0070
__pdataBANK0           dataBANK0    0041
__pidataBANK0          idataBANK0   0000
__pmaintext            maintext     068B
__ptext138             text138      0551
__ptext139             text138      05D4
__ptext140             text138      056C
__ptext141             text141      046D
__ptext142             text142      0441
__ptext143             text143      04AA
__ptext144             text144      04EF
__ptext145             text138      0643
__ptext146             text146      0000
__size_of___awdiv      (abs)        0000
__size_of___awmod      (abs)        0000
__size_of___awtoft     (abs)        0000
__size_of___ftdiv      (abs)        0000
__size_of___ftge       (abs)        0000
__size_of___ftmul      (abs)        0000
__size_of___ftpack     (abs)        0000
__size_of___fttol      (abs)        0000
__size_of_main         (abs)        0000
_adc                   bssBANK0     004E
_chuc                  bssCOMMON    007D
_dv                    bssBANK0     0050
_exit                  init         0000
_main                  maintext     068B
_maled                 dataBANK0    0041
_res                   bssBANK0     004B
btemp                  (abs)        007E
end_of_initialization  cinit        043D
intlevel0              functab      0000
intlevel1              functab      0000
intlevel2              functab      0000
intlevel3              functab      0000
intlevel4              functab      0000
intlevel5              functab      0000
l2171                                   
l2184                                   
l2252                                   
l2960                                   
l2962                                   
l2982                                   
l2984                                   
l2986                                   
l2988                                   
l2994                                   
l2996                                   
l2998                                   
l3000                                   
l3002                                   
l3010                                   
l3020                                   
l3026                                   
l3028                                   
l3032                                   
l3038                                   
l3042                                   
l3052                                   
l3056                                   
l3060                                   
l3064                                   
l3070                                   
l3080                                   
l3082                                   
l3090                                   
l3092                                   
l3096                                   
l3116                                   
l3120                                   
l3126                                   
l3138                                   
l3140                                   
l3142                                   
l3144                                   
l3146                                   
l3148                                   
l3150                                   
l3152                                   
l3154                                   
l3160                                   
l3164                                   
l3166                                   
l3170                                   
l3184                                   
l3186                                   
l3188                                   
l3190                                   
l3192                                   
l3194                                   
l3196                                   
l3198                                   
l3206                                   
l3208                                   
l3210                                   
l3218                                   
l3220                                   
l3222                                   
l3226                                   
l3228                                   
l3232                                   
l3238                                   
l3240                                   
l3242                                   
l3244                                   
l3246                                   
l3248                                   
l3250                                   
l3252                                   
l3254                                   
l3256                                   
l3258                                   
l3262                                   
l3266                                   
l3268                                   
l3272                                   
l3274                                   
l3276                                   
l3278                                   
l3280                                   
l3282                                   
l3284                                   
l3286                                   
l3288                                   
l3290                                   
l3294                                   
l3296                                   
l3298                                   
l3300                                   
l3302                                   
l3304                                   
l3306                                   
l3308                                   
l3310                                   
l3312                                   
reset_vec              reset_vec    0000
start                  init         0000
start_initialization   cinit        0422
u560                                    
wtemp0                 (abs)        007E
