HI-TECH Software C Compiler 

Linker command line:

--edf=C:\Program Files (x86)\HI-TECH Software\PICC\9.83\dat\en_msgs.txt -cs \
  -h+hc-sr04.sym -z -Q16F887 -ol.obj -Mhc-sr04.map -E1 -ACONST=00h-0FFhx32 \
  -ACODE=00h-07FFhx4 -ASTRCODE=00h-01FFFh -AENTRY=00h-0FFhx32 \
  -ASTRING=00h-0FFhx32 -ABANK0=020h-06Fh -ABANK1=0A0h-0EFh \
  -ABANK2=0110h-016Fh -ABANK3=0190h-01EFh \
  -ARAM=020h-06Fh,0A0h-0EFh,0110h-016Fh,0190h-01EFh \
  -AABS1=020h-07Fh,0A0h-0EFh,0110h-016Fh,0190h-01EFh -ACOMMON=070h-07Fh \
  -ASFR0=00h-01Fh -ASFR1=080h-09Fh -ASFR2=0100h-010Fh -ASFR3=0180h-018Fh \
  -preset_vec=00h,intentry=04h,init,end_init -ppowerup=CODE -pfunctab=CODE \
  -ACONFIG=02007h-02008h -pconfig=CONFIG -DCONFIG=2 -AIDLOC=02000h-02003h \
  -pidloc=IDLOC -DIDLOC=2 -AEEDATA=00h-0FFh/02100h -peeprom_data=EEDATA \
  -DEEDATA=2 -DCODE=2 -DSTRCODE=2 -DSTRING=2 -DCONST=2 -DENTRY=2 -k \
  startup.obj hc-sr04.obj 

Object code version is 3.10

Machine type is 16F887



                Name                               Link     Load   Length Selector   Space Scale
startup.obj     end_init                              C        C        3        8       0
                reset_vec                             0        0        3        0       0
hc-sr04.obj     intentry                              4        4        8        8       0
                config                             2007     2007        1     400E       0
                text569                             78F      78F       17        8       0
                text565                             871      871       CB     10E2       0
                text550                            173E     173E       C2     2E7C       0
                text547                             C5F      C5F      3A1     18BE       0
                text544                             A8E      A8E      1D1     151C       0
                text543                             93C      93C      152     1278       0
                text538                               F        F      780        8       0
                maintext                           1687     1687       B7     2D0E       0
                cstackBANK0                          20       20       44       20       1
                cstackCOMMON                         70       70        C       70       1
                cstackBANK1                          A0       A0       19       A0       1
                bssBANK0                             64       64        9       20       1
                cinit                               7A6      7A6        D        8       0
                strings                            1000     1000       95     2000       0

TOTAL           Name                               Link     Load   Length     Space
        CLASS   CONST          

        CLASS   CODE           
                end_init                              C        C        3         0
                intentry                              4        4        8         0
                reset_vec                             0        0        3         0
                text569                             78F      78F       17         0
                text565                             871      871       CB         0
                text550                            173E     173E       C2         0
                text547                             C5F      C5F      3A1         0
                text544                             A8E      A8E      1D1         0
                text543                             93C      93C      152         0
                text538                               F        F      780         0
                maintext                           1687     1687       B7         0
                cinit                               7A6      7A6        D         0

        CLASS   STRCODE        

        CLASS   ENTRY          

        CLASS   STRING         
                strings                            1000     1000       95         0

        CLASS   BANK0          
                cstackBANK0                          20       20       44         1
                bssBANK0                             64       64        9         1

        CLASS   BANK1          
                cstackBANK1                          A0       A0       19         1

        CLASS   BANK2          

        CLASS   BANK3          

        CLASS   RAM            

        CLASS   ABS1           
                abs_s1                               7E       7E        2         1

        CLASS   COMMON         
                cstackCOMMON                         70       70        C         1

        CLASS   SFR0           

        CLASS   SFR1           

        CLASS   SFR2           

        CLASS   SFR3           

        CLASS   CONFIG         
                config                             2007     2007        1         0

        CLASS   IDLOC          

        CLASS   EEDATA         



SEGMENTS        Name                           Load    Length   Top    Selector   Space  Class     Delta

                reset_vec                      000000  000003  000003         0       0  CODE        2
                intentry                       000004  0007AF  0007B3         8       0  CODE        2
                cstackBANK0                    000020  00004D  00006D        20       1  BANK0       1
                cstackCOMMON                   000070  00000C  00007C        70       1  COMMON      1
                cstackBANK1                    0000A0  000019  0000B9        A0       1  BANK1       1
                text565                        000871  0000CB  00093C      10E2       0  CODE        2
                text543                        00093C  000152  000A8E      1278       0  CODE        2
                text544                        000A8E  0001D1  000C5F      151C       0  CODE        2
                text547                        000C5F  0003A1  001000      18BE       0  CODE        2
                strings                        001000  000095  001095      2000       0  STRING      2
                maintext                       001687  0000B7  00173E      2D0E       0  CODE        2
                text550                        00173E  0000C2  001800      2E7C       0  CODE        2
                config                         002007  000001  002008      400E       0  CONFIG      2


UNUSED ADDRESS RANGES

        Name                Unused          Largest block    Delta
        BANK0            006D-006F              3           1
        BANK1            00B9-00EF             37           1
        BANK2            0110-016F             60           1
        BANK3            0190-01EF             60           1
        CODE             0003-0003              1           2
                         07B3-0870             4D
                         1095-1686            5F2
                         1800-1FFF            800
        COMMON           007C-007D              2           1
        CONFIG           2008-2008              1           2
        CONST            0003-0003              1           2
                         07B3-0870             4D
                         1095-1686            100
                         1800-1FFF            100
        EEDATA           2100-21FF            100           2
        ENTRY            0003-0003              1           2
                         07B3-0870             4D
                         1095-1686            100
                         1800-1FFF            100
        IDLOC            2000-2003              4           2
        RAM              006D-006F              3           1
                         00B9-00EF             37
                         0110-016F             60
                         0190-01EF             60
        SFR0             0000-001F             20           1
        SFR1             0080-009F             20           1
        SFR2             0100-010F             10           1
        SFR3             0180-018F             10           1
        STRCODE          0003-0003              1           2
                         07B3-0870             BE
                         1095-1686            5F2
                         1800-1FFF            800
        STRING           0003-0003              1           2
                         07B3-0870             4D
                         1095-1686            100
                         1800-1FFF            100

                                  Symbol Table

??___awdiv             cstackCOMMON 007C
??___awmod             cstackCOMMON 0076
??___bmul              cstackCOMMON 007C
??___ftadd             cstackBANK0  0047
??___ftdiv             cstackBANK0  0029
??___ftge              cstackCOMMON 0078
??___ftmul             cstackBANK0  0038
??___ftneg             cstackCOMMON 0075
??___ftpack            cstackCOMMON 0077
??___ftsub             cstackCOMMON 007C
??___fttol             cstackBANK0  0028
??___lbdiv             cstackCOMMON 0078
??___lbmod             cstackCOMMON 0073
??___lldiv             cstackCOMMON 007A
??___llmod             cstackCOMMON 007A
??___lltoft            cstackCOMMON 007A
??___lwtoft            cstackCOMMON 007A
??___wmul              cstackCOMMON 0076
??__div_to_l_          cstackBANK0  0020
??__tdiv_to_l_         cstackCOMMON 0078
??_fround              cstackCOMMON 007C
??_isdigit             cstackCOMMON 0072
??_isprint             cstackCOMMON 0072
??_lcd_busy            cstackCOMMON 0072
??_lcd_gotoxy          cstackCOMMON 0078
??_lcd_init            cstackCOMMON 0077
??_lcd_put_byte        cstackCOMMON 0073
??_lcd_putc            cstackCOMMON 007A
??_main                cstackBANK0  005F
??_ngat                cstackCOMMON 0070
??_printf              cstackBANK0  005A
??_putch               cstackCOMMON 007B
??_scale               cstackBANK0  0044
?___awdiv              cstackCOMMON 0078
?___awmod              cstackCOMMON 0072
?___bmul               cstackCOMMON 007B
?___ftadd              cstackBANK0  0041
?___ftdiv              cstackBANK0  0023
?___ftge               cstackCOMMON 0072
?___ftmul              cstackBANK0  0032
?___ftneg              cstackCOMMON 0072
?___ftpack             cstackCOMMON 0072
?___ftsub              cstackBANK0  004D
?___fttol              cstackBANK0  0024
?___lbdiv              cstackCOMMON 0077
?___lbmod              cstackCOMMON 0072
?___lldiv              cstackCOMMON 0072
?___llmod              cstackBANK0  0025
?___lltoft             cstackBANK0  0020
?___lwtoft             cstackBANK0  0020
?___wmul               cstackCOMMON 0072
?__div_to_l_           cstackCOMMON 0072
?__tdiv_to_l_          cstackCOMMON 0072
?_fround               cstackBANK0  004D
?_isdigit              cstackCOMMON 0070
?_isprint              cstackCOMMON 0070
?_lcd_busy             cstackCOMMON 0070
?_lcd_gotoxy           cstackCOMMON 0077
?_lcd_init             cstackCOMMON 0070
?_lcd_put_byte         cstackCOMMON 0072
?_lcd_putc             cstackCOMMON 0070
?_main                 cstackCOMMON 0070
?_ngat                 cstackCOMMON 0070
?_printf               cstackBANK0  0057
?_putch                cstackCOMMON 0070
?_scale                cstackBANK0  0041
_ANSEL                 (abs)        0188
_ANSELH                (abs)        0189
_CCP1IE                (abs)        0462
_CCP1IF                (abs)        0062
_CCP1M0                (abs)        00B8
_CCP1M1                (abs)        00B9
_CCP1M2                (abs)        00BA
_CCP1M3                (abs)        00BB
_CCP2IE                (abs)        0468
_CCP2IF                (abs)        0068
_CCP2M0                (abs)        00E8
_CCP2M1                (abs)        00E9
_CCP2M2                (abs)        00EA
_CCP2M3                (abs)        00EB
_CCPR1                 (abs)        0015
_CCPR1H                (abs)        0016
_CCPR1L                (abs)        0015
_CCPR2                 (abs)        001B
_CCPR2H                (abs)        001C
_CCPR2L                (abs)        001B
_GIE                   (abs)        005F
_PEIE                  (abs)        005E
_RA0                   (abs)        0028
_RD1                   (abs)        0041
_RD2                   (abs)        0042
_RD3                   (abs)        0043
_RD4                   (abs)        0044
_RD5                   (abs)        0045
_RD6                   (abs)        0046
_RD7                   (abs)        0047
_T1CKPS0               (abs)        0084
_T1CKPS1               (abs)        0085
_T1SYNC                (abs)        0082
_TMR1CS                (abs)        0081
_TMR1GE                (abs)        0086
_TMR1H                 (abs)        000F
_TMR1L                 (abs)        000E
_TMR1ON                (abs)        0080
_TRISA0                (abs)        0428
_TRISD1                (abs)        0441
_TRISD2                (abs)        0442
_TRISD3                (abs)        0443
_TRISD4                (abs)        0444
_TRISD5                (abs)        0445
_TRISD6                (abs)        0446
_TRISD7                (abs)        0447
__Habs1                abs1         0000
__Hbank0               bank0        0000
__Hbank1               bank1        0000
__Hbank2               bank2        0000
__Hbank3               bank3        0000
__HbssBANK0            bssBANK0     0000
__Hcinit               cinit        0000
__Hclrtext             clrtext      0000
__Hcode                code         0000
__Hcommon              common       0000
__Hconfig              config       2008
__HcstackBANK0         cstackBANK0  0000
__HcstackBANK1         cstackBANK1  0000
__HcstackCOMMON        cstackCOMMON 0000
__Heeprom_data         eeprom_data  0000
__Hend_init            end_init     000F
__Hfunctab             functab      0000
__Hidloc               idloc        0000
__Hinit                init         000C
__Hintentry            intentry     000C
__Hmaintext            maintext     0000
__Hpa_nodes            pa_nodes     0000
__Hpowerup             powerup      0000
__Hram                 ram          0000
__Hreset_vec           reset_vec    0003
__Hsfr0                sfr0         0000
__Hsfr1                sfr1         0000
__Hsfr2                sfr2         0000
__Hsfr3                sfr3         0000
__Hstrings             strings      0000
__Htext                text         0000
__Labs1                abs1         0000
__Lbank0               bank0        0000
__Lbank1               bank1        0000
__Lbank2               bank2        0000
__Lbank3               bank3        0000
__LbssBANK0            bssBANK0     0000
__Lcinit               cinit        0000
__Lclrtext             clrtext      0000
__Lcode                code         0000
__Lcommon              common       0000
__Lconfig              config       2007
__LcstackBANK0         cstackBANK0  0000
__LcstackBANK1         cstackBANK1  0000
__LcstackCOMMON        cstackCOMMON 0000
__Leeprom_data         eeprom_data  0000
__Lend_init            end_init     000C
__Lfunctab             functab      0000
__Lidloc               idloc        0000
__Linit                init         000C
__Lintentry            intentry     0004
__Lmaintext            maintext     0000
__Lpa_nodes            pa_nodes     0000
__Lpowerup             powerup      0000
__Lram                 ram          0000
__Lreset_vec           reset_vec    0000
__Lsfr0                sfr0         0000
__Lsfr1                sfr1         0000
__Lsfr2                sfr2         0000
__Lsfr3                sfr3         0000
__Lstrings             strings      0000
__Ltext                text         0000
__S0                   (abs)        2008
__S1                   (abs)        00B9
__S2                   (abs)        0000
___awdiv               text547      0E69
___awdiv@counter       cstackBANK0  0020
___awdiv@dividend      cstackCOMMON 007A
___awdiv@divisor       cstackCOMMON 0078
___awdiv@quotient      cstackBANK0  0022
___awdiv@sign          cstackBANK0  0021
___awmod               text547      0EAF
___awmod@counter       cstackCOMMON 0076
___awmod@dividend      cstackCOMMON 0074
___awmod@divisor       cstackCOMMON 0072
___awmod@sign          cstackCOMMON 0077
___bmul                text547      0F5B
___bmul@multiplicand   cstackCOMMON 007B
___bmul@multiplier     cstackBANK0  0021
___bmul@product        cstackBANK0  0020
___ftadd               text550      173E
___ftadd@exp1          cstackBANK0  004C
___ftadd@exp2          cstackBANK0  004B
___ftadd@f1            cstackBANK0  0041
___ftadd@f2            cstackBANK0  0044
___ftadd@sign          cstackBANK0  004A
___ftdiv               text547      0C6F
___ftdiv@cntr          cstackBANK0  002C
___ftdiv@exp           cstackBANK0  0030
___ftdiv@f1            cstackBANK0  0026
___ftdiv@f2            cstackBANK0  0023
___ftdiv@f3            cstackBANK0  002D
___ftdiv@sign          cstackBANK0  0031
___ftge                text538      054B
___ftge@ff1            cstackCOMMON 0072
___ftge@ff2            cstackCOMMON 0075
___ftmul               text547      0EEC
___ftmul@cntr          cstackBANK0  003F
___ftmul@exp           cstackBANK0  003B
___ftmul@f1            cstackBANK0  0032
___ftmul@f2            cstackBANK0  0035
___ftmul@f3_as_product cstackBANK0  003C
___ftmul@sign          cstackBANK0  0040
___ftneg               text538      06BA
___ftneg@f1            cstackCOMMON 0072
___ftpack              text547      0F69
___ftpack@arg          cstackCOMMON 0072
___ftpack@exp          cstackCOMMON 0075
___ftpack@sign         cstackCOMMON 0076
___ftsub               text538      06E2
___ftsub@f1            cstackBANK0  0050
___ftsub@f2            cstackBANK0  004D
___fttol               text538      059E
___fttol@exp1          cstackBANK0  0030
___fttol@f1            cstackBANK0  0024
___fttol@lval          cstackBANK0  002C
___fttol@sign1         cstackBANK0  002B
___lbdiv               text543      0A41
___lbdiv@counter       cstackCOMMON 0079
___lbdiv@dividend      cstackCOMMON 0078
___lbdiv@divisor       cstackCOMMON 0077
___lbdiv@quotient      cstackCOMMON 007A
___lbmod               text543      0A5C
___lbmod@counter       cstackCOMMON 0075
___lbmod@dividend      cstackCOMMON 0074
___lbmod@divisor       cstackCOMMON 0072
___lbmod@rem           cstackCOMMON 0076
___lldiv               text538      05F9
___lldiv@counter       cstackBANK0  0024
___lldiv@dividend      cstackCOMMON 0076
___lldiv@divisor       cstackCOMMON 0072
___lldiv@quotient      cstackBANK0  0020
___llmod               text538      050D
___llmod@counter       cstackCOMMON 007A
___llmod@dividend      cstackBANK0  0029
___llmod@divisor       cstackBANK0  0025
___lltoft              text538      06C2
___lltoft@c            cstackBANK0  0020
___lltoft@exp          cstackCOMMON 007A
___lwtoft              text547      0C5F
___lwtoft@c            cstackBANK0  0020
___wmul                text538      0585
___wmul@multiplicand   cstackCOMMON 0074
___wmul@multiplier     cstackCOMMON 0072
___wmul@product        cstackCOMMON 0076
__div_to_l_            text565      0871
__div_to_l_@cntr       cstackBANK0  002C
__div_to_l_@exp1       cstackBANK0  002D
__div_to_l_@f1         cstackCOMMON 0072
__div_to_l_@f2         cstackCOMMON 0075
__div_to_l_@quot       cstackBANK0  0028
__end_of___awdiv       text547      0EAF
__end_of___awmod       text547      0EEC
__end_of___bmul        text547      0F69
__end_of___ftadd       text550      1800
__end_of___ftdiv       text547      0CD7
__end_of___ftge        text538      0577
__end_of___ftmul       text547      0F5B
__end_of___ftneg       text538      06C2
__end_of___ftpack      text547      0FA7
__end_of___ftsub       text538      06FA
__end_of___fttol       text538      05F9
__end_of___lbdiv       text543      0A5C
__end_of___lbmod       text543      0A78
__end_of___lldiv       text538      0642
__end_of___llmod       text538      054B
__end_of___lltoft      text538      06E2
__end_of___lwtoft      text547      0C6F
__end_of___wmul        text538      059E
__end_of__div_to_l_    text565      092F
__end_of__tdiv_to_l_   text538      06BA
__end_of_fround        text543      0A41
__end_of_isdigit       text538      0585
__end_of_isprint       text544      0C55
__end_of_lcd_busy      text544      0C47
__end_of_lcd_gotoxy    text544      0AA6
__end_of_lcd_init      text544      0B90
__end_of_lcd_put_byte  text544      0C20
__end_of_lcd_putc      text544      0AD5
__end_of_main          maintext     173E
__end_of_ngat          text569      07A6
__end_of_printf        text538      0509
__end_of_putch         text538      050D
__end_of_scale         text547      0E69
__npowers_             strings      1006
__pbssBANK0            bssBANK0     0064
__pcstackBANK0         cstackBANK0  0020
__pcstackBANK1         cstackBANK1  00A0
__pcstackCOMMON        cstackCOMMON 0070
__pintentry            intentry     0004
__pmaintext            maintext     1687
__powers_              strings      102D
__pstrings             strings      1000
__ptext538             text538      000F
__ptext539             text538      0509
__ptext540             text544      0AA6
__ptext541             text538      06E2
__ptext542             text547      0CD7
__ptext543             text543      093C
__ptext544             text544      0A8E
__ptext545             text544      0AD5
__ptext546             text538      06C2
__ptext547             text547      0C5F
__ptext548             text547      0EEC
__ptext549             text547      0C6F
__ptext550             text550      173E
__ptext551             text544      0C20
__ptext552             text544      0B90
__ptext553             text547      0EAF
__ptext554             text538      05F9
__ptext555             text538      054B
__ptext556             text538      06BA
__ptext557             text538      050D
__ptext558             text547      0E69
__ptext559             text538      059E
__ptext560             text547      0F69
__ptext561             text543      0A5C
__ptext562             text543      0A41
__ptext563             text538      0585
__ptext564             text547      0F5B
__ptext565             text565      0871
__ptext566             text538      0642
__ptext567             text538      0577
__ptext568             text544      0C47
__ptext569             text569      078F
__ptext570             text570      0000
__size_of___awdiv      (abs)        0000
__size_of___awmod      (abs)        0000
__size_of___bmul       (abs)        0000
__size_of___ftadd      (abs)        0000
__size_of___ftdiv      (abs)        0000
__size_of___ftge       (abs)        0000
__size_of___ftmul      (abs)        0000
__size_of___ftneg      (abs)        0000
__size_of___ftpack     (abs)        0000
__size_of___ftsub      (abs)        0000
__size_of___fttol      (abs)        0000
__size_of___lbdiv      (abs)        0000
__size_of___lbmod      (abs)        0000
__size_of___lldiv      (abs)        0000
__size_of___llmod      (abs)        0000
__size_of___lltoft     (abs)        0000
__size_of___lwtoft     (abs)        0000
__size_of___wmul       (abs)        0000
__size_of__div_to_l_   (abs)        0000
__size_of__tdiv_to_l_  (abs)        0000
__size_of_fround       (abs)        0000
__size_of_isdigit      (abs)        0000
__size_of_isprint      (abs)        0000
__size_of_lcd_busy     (abs)        0000
__size_of_lcd_gotoxy   (abs)        0000
__size_of_lcd_init     (abs)        0000
__size_of_lcd_put_byte (abs)        0000
__size_of_lcd_putc     (abs)        0000
__size_of_main         (abs)        0000
__size_of_ngat         (abs)        0000
__size_of_printf       (abs)        0000
__size_of_putch        (abs)        0000
__size_of_scale        (abs)        0000
__tdiv_to_l_           text538      0642
__tdiv_to_l_@cntr      cstackBANK0  0024
__tdiv_to_l_@exp1      cstackBANK0  0025
__tdiv_to_l_@f1        cstackCOMMON 0072
__tdiv_to_l_@f2        cstackCOMMON 0075
__tdiv_to_l_@quot      cstackBANK0  0020
_canhlen               bssBANK0     0067
_canhxuong             bssBANK0     0069
_dem                   bssBANK0     006B
_dis                   bssBANK0     0064
_dpowers               strings      1054
_exit                  init         000C
_fround                text543      093C
_fround$4106           cstackBANK0  0053
_fround$4107           cstackBANK0  0050
_isdigit               text538      0577
_isdigit$3668          cstackCOMMON 0072
_isprint               text544      0C47
_isprint$3671          cstackCOMMON 0072
_lcd_busy              text544      0C20
_lcd_gotoxy            text544      0A8E
_lcd_init              text544      0AD5
_lcd_put_byte          text544      0B90
_lcd_putc              text544      0AA6
_main                  maintext     1687
_main$4105             cstackBANK0  0061
_ngat                  text569      078F
_printf                text538      000F
_printf$3160           cstackBANK1  00A0
_putch                 text538      0509
_scale                 text547      0CD7
_scale$4108            cstackBANK0  0048
btemp                  (abs)        007E
end_of_initialization  cinit        07AF
fround@prec            cstackBANK0  0056
i1l6096                                 
i1l6100                                 
i1l6106                                 
interrupt_function     intentry     0004
intlevel0              functab      0000
intlevel1              functab      0000
intlevel2              functab      0000
intlevel3              functab      0000
intlevel4              functab      0000
intlevel5              functab      0000
isdigit@c              cstackCOMMON 0073
isprint@c              cstackCOMMON 0073
l1054                                   
l2110                                   
l2113                                   
l2121                                   
l2144                                   
l3254                                   
l3259                                   
l3269                                   
l3275                                   
l3305                                   
l3311                                   
l3355                                   
l3422                                   
l3432                                   
l3436                                   
l3451                                   
l3490                                   
l3495                                   
l3512                                   
l3520                                   
l3563                                   
l6108                                   
l6110                                   
l6120                                   
l6122                                   
l6132                                   
l6140                                   
l6142                                   
l6144                                   
l6146                                   
l6148                                   
l6152                                   
l6156                                   
l6160                                   
l6168                                   
l6180                                   
l6190                                   
l6192                                   
l6194                                   
l6196                                   
l6200                                   
l6204                                   
l6206                                   
l6214                                   
l6226                                   
l6234                                   
l6236                                   
l6242                                   
l6250                                   
l6252                                   
l6258                                   
l6260                                   
l6262                                   
l6268                                   
l6272                                   
l6276                                   
l6282                                   
l6284                                   
l6288                                   
l6290                                   
l6296                                   
l6300                                   
l6302                                   
l6322                                   
l6324                                   
l6326                                   
l6328                                   
l6334                                   
l6336                                   
l6338                                   
l6340                                   
l6342                                   
l6350                                   
l6360                                   
l6366                                   
l6368                                   
l6372                                   
l6378                                   
l6382                                   
l6392                                   
l6396                                   
l6400                                   
l6404                                   
l6410                                   
l6424                                   
l6430                                   
l6438                                   
l6448                                   
l6450                                   
l6458                                   
l6460                                   
l6470                                   
l6474                                   
l6478                                   
l6484                                   
l6486                                   
l6490                                   
l6510                                   
l6514                                   
l6520                                   
l6522                                   
l6524                                   
l6528                                   
l6530                                   
l6532                                   
l6540                                   
l6542                                   
l6544                                   
l6552                                   
l6554                                   
l6556                                   
l6558                                   
l6560                                   
l6562                                   
l6564                                   
l6566                                   
l6570                                   
l6572                                   
l6574                                   
l6584                                   
l6590                                   
l6596                                   
l6598                                   
l6602                                   
l6614                                   
l6624                                   
l6630                                   
l6634                                   
l6636                                   
l6640                                   
l6642                                   
l6648                                   
l6660                                   
l6662                                   
l6664                                   
l6666                                   
l6668                                   
l6670                                   
l6672                                   
l6674                                   
l6676                                   
l6682                                   
l6686                                   
l6688                                   
l6692                                   
l6706                                   
l6708                                   
l6710                                   
l6712                                   
l6714                                   
l6716                                   
l6718                                   
l6720                                   
l6728                                   
l6730                                   
l6732                                   
l6740                                   
l6742                                   
l6744                                   
l6748                                   
l6752                                   
l6762                                   
l6764                                   
l6766                                   
l6768                                   
l6770                                   
l6772                                   
l6800                                   
l6802                                   
l6808                                   
l6812                                   
l6816                                   
l6826                                   
l6834                                   
l6838                                   
l6874                                   
l6876                                   
l6880                                   
l6898                                   
l6900                                   
l6908                                   
l6914                                   
l6916                                   
l6922                                   
l6924                                   
l6928                                   
l6934                                   
l6950                                   
l6952                                   
l6956                                   
l6960                                   
l6964                                   
l6966                                   
l6968                                   
l6970                                   
l6972                                   
l6974                                   
l6980                                   
l6982                                   
l7012                                   
l7014                                   
l7016                                   
l7020                                   
l7034                                   
l7038                                   
l7062                                   
l7072                                   
l7080                                   
l7086                                   
l7088                                   
l7106                                   
l7140                                   
l7152                                   
l7154                                   
l7156                                   
l7158                                   
l7160                                   
l7162                                   
l7164                                   
l7166                                   
l7168                                   
l7170                                   
l7172                                   
l7174                                   
l7176                                   
l7178                                   
l7180                                   
l7182                                   
l7184                                   
l7186                                   
l7188                                   
l7190                                   
l7192                                   
l7194                                   
l7196                                   
l7198                                   
l7200                                   
l7202                                   
l7204                                   
l7206                                   
l7208                                   
l7212                                   
l7214                                   
l7216                                   
l7218                                   
l7220                                   
l7222                                   
l7224                                   
l7226                                   
l7228                                   
l7230                                   
l7232                                   
lcd_busy@busy          cstackCOMMON 0073
lcd_gotoxy@address     cstackCOMMON 0079
lcd_gotoxy@col         cstackCOMMON 0078
lcd_gotoxy@row         cstackCOMMON 0077
lcd_put_byte@b         cstackCOMMON 0072
lcd_put_byte@rs        cstackCOMMON 0075
lcd_put_byte@temp      cstackCOMMON 0076
lcd_putc@c             cstackCOMMON 007A
printf@_val            cstackBANK1  00AB
printf@ap              cstackBANK1  00A4
printf@c               cstackBANK1  00B8
printf@exp             cstackBANK1  00B1
printf@f               cstackBANK1  00AA
printf@flag            cstackBANK1  00A8
printf@fval            cstackBANK1  00B3
printf@integ           cstackBANK1  00A5
printf@prec            cstackBANK1  00B6
printf@width           cstackBANK1  00AF
putch@c                cstackCOMMON 007B
reset_vec              reset_vec    0000
saved_w                (abs)        007E
scale@scl              cstackBANK0  004B
start                  init         000C
start_initialization   cinit        07A6
u2360                                   
u3470                                   
wtemp0                 (abs)        007E
