HI-TECH Software C Compiler 

Linker command line:

--edf=C:\Program Files (x86)\HI-TECH Software\PICC\9.83\dat\en_msgs.txt -cs \
  -h+lcd.itr.sym -z -Q16F887 -ol.obj -Mlcd.itr.map -E1 -ACONST=00h-0FFhx32 \
  -ACODE=00h-07FFhx4 -ASTRCODE=00h-01FFFh -AENTRY=00h-0FFhx32 \
  -ASTRING=00h-0FFhx32 -ABANK0=020h-06Fh -ABANK1=0A0h-0EFh \
  -ABANK2=0110h-016Fh -ABANK3=0190h-01EFh \
  -ARAM=020h-06Fh,0A0h-0EFh,0110h-016Fh,0190h-01EFh \
  -AABS1=020h-07Fh,0A0h-0EFh,0110h-016Fh,0190h-01EFh -ACOMMON=070h-07Fh \
  -ASFR0=00h-01Fh -ASFR1=080h-09Fh -ASFR2=0100h-010Fh -ASFR3=0180h-018Fh \
  -preset_vec=00h,intentry=04h,init,end_init -ppowerup=CODE -pfunctab=CODE \
  -ACONFIG=02007h-02008h -pconfig=CONFIG -DCONFIG=2 -AIDLOC=02000h-02003h \
  -pidloc=IDLOC -DIDLOC=2 -AEEDATA=00h-0FFh/02100h -peeprom_data=EEDATA \
  -DEEDATA=2 -DCODE=2 -DSTRCODE=2 -DSTRING=2 -DCONST=2 -DENTRY=2 -k \
  startup.obj lcd.itr.obj 

Object code version is 3.10

Machine type is 16F887



                Name                               Link     Load   Length Selector   Space Scale
startup.obj     end_init                              C        C        3        8       0
                reset_vec                             0        0        3        0       0
lcd.itr.obj     intentry                              4        4        8        8       0
                config                             2007     2007        1     400E       0
                text128                              65       65       1C        8       0
                text125                               F        F       56        8       0
                maintext                             81       81       17        8       0
                cstackBANK0                          20       20        5       20       1
                cstackCOMMON                         70       70        5       70       1
                bssCOMMON                            79       79        1       70       1
                cinit                                A8       A8        5      150       0
                nvCOMMON                             75       75        4       70       1
                strings                              98       98       10      130       0

TOTAL           Name                               Link     Load   Length     Space
        CLASS   CONST          

        CLASS   CODE           
                end_init                              C        C        3         0
                intentry                              4        4        8         0
                reset_vec                             0        0        3         0
                text128                              65       65       1C         0
                text125                               F        F       56         0
                maintext                             81       81       17         0
                cinit                                A8       A8        5         0

        CLASS   STRCODE        

        CLASS   ENTRY          

        CLASS   STRING         
                strings                              98       98       10         0

        CLASS   BANK0          
                cstackBANK0                          20       20        5         1

        CLASS   BANK1          

        CLASS   BANK2          

        CLASS   BANK3          

        CLASS   RAM            

        CLASS   ABS1           
                abs_s1                               7E       7E        2         1

        CLASS   COMMON         
                cstackCOMMON                         70       70        5         1
                bssCOMMON                            79       79        1         1
                nvCOMMON                             75       75        4         1

        CLASS   SFR0           

        CLASS   SFR1           

        CLASS   SFR2           

        CLASS   SFR3           

        CLASS   CONFIG         
                config                             2007     2007        1         0

        CLASS   IDLOC          

        CLASS   EEDATA         



SEGMENTS        Name                           Load    Length   Top    Selector   Space  Class     Delta

                reset_vec                      000000  000003  000003         0       0  CODE        2
                intentry                       000004  000094  000098         8       0  CODE        2
                cstackBANK0                    000020  000005  000025        20       1  BANK0       1
                cstackCOMMON                   000070  00000A  00007A        70       1  COMMON      1
                strings                        000098  000010  0000A8       130       0  STRING      2
                cinit                          0000A8  000005  0000AD       150       0  CODE        2
                config                         002007  000001  002008      400E       0  CONFIG      2


UNUSED ADDRESS RANGES

        Name                Unused          Largest block    Delta
        BANK0            0025-006F             4B           1
        BANK1            00A0-00EF             50           1
        BANK2            0110-016F             60           1
        BANK3            0190-01EF             60           1
        CODE             0003-0003              1           2
                         00AD-1FFF            800
        COMMON           007A-007D              4           1
        CONFIG           2008-2008              1           2
        CONST            0003-0003              1           2
                         00AD-1FFF            100
        EEDATA           2100-21FF            100           2
        ENTRY            0003-0003              1           2
                         00AD-1FFF            100
        IDLOC            2000-2003              4           2
        RAM              0025-006F             4B           1
                         00A0-00EF             50
                         0110-016F             60
                         0190-01EF             60
        SFR0             0000-001F             20           1
        SFR1             0080-009F             20           1
        SFR2             0100-010F             10           1
        SFR3             0180-018F             10           1
        STRCODE          0003-0003              1           2
                         00AD-1FFF           1F53
        STRING           0003-0003              1           2
                         00AD-1FFF            100

                                  Symbol Table

??___lbdiv            cstackBANK0  0021
??___lbmod            cstackBANK0  0021
??_main               cstackBANK0  0025
??_ngat               cstackCOMMON 0070
??_seg                cstackBANK0  0025
?___lbdiv             cstackBANK0  0020
?___lbmod             cstackBANK0  0020
?_main                cstackCOMMON 0070
?_ngat                cstackCOMMON 0070
?_seg                 cstackCOMMON 0070
_ANSEL                (abs)        0188
_ANSELH               (abs)        0189
_GIE                  (abs)        005F
_INTE                 (abs)        005C
_INTEDG               (abs)        040E
_INTF                 (abs)        0059
_MA7DOAN              strings      009E
_PORTA                (abs)        0005
_PORTC                (abs)        0007
_PORTD                (abs)        0008
_TRISA                (abs)        0085
_TRISB0               (abs)        0430
_TRISC                (abs)        0087
_TRISD                (abs)        0088
__Habs1               abs1         0000
__Hbank0              bank0        0000
__Hbank1              bank1        0000
__Hbank2              bank2        0000
__Hbank3              bank3        0000
__HbssCOMMON          bssCOMMON    0000
__Hcinit              cinit        0000
__Hclrtext            clrtext      0000
__Hcode               code         0000
__Hcommon             common       0000
__Hconfig             config       2008
__HcstackBANK0        cstackBANK0  0000
__HcstackCOMMON       cstackCOMMON 0000
__Heeprom_data        eeprom_data  0000
__Hend_init           end_init     000F
__Hfunctab            functab      0000
__Hidloc              idloc        0000
__Hinit               init         000C
__Hintentry           intentry     000C
__Hmaintext           maintext     0000
__HnvCOMMON           nvCOMMON     0000
__Hpa_nodes           pa_nodes     0000
__Hpowerup            powerup      0000
__Hram                ram          0000
__Hreset_vec          reset_vec    0003
__Hsfr0               sfr0         0000
__Hsfr1               sfr1         0000
__Hsfr2               sfr2         0000
__Hsfr3               sfr3         0000
__Hstrings            strings      0000
__Htext               text         0000
__Labs1               abs1         0000
__Lbank0              bank0        0000
__Lbank1              bank1        0000
__Lbank2              bank2        0000
__Lbank3              bank3        0000
__LbssCOMMON          bssCOMMON    0000
__Lcinit              cinit        0000
__Lclrtext            clrtext      0000
__Lcode               code         0000
__Lcommon             common       0000
__Lconfig             config       2007
__LcstackBANK0        cstackBANK0  0000
__LcstackCOMMON       cstackCOMMON 0000
__Leeprom_data        eeprom_data  0000
__Lend_init           end_init     000C
__Lfunctab            functab      0000
__Lidloc              idloc        0000
__Linit               init         000C
__Lintentry           intentry     0004
__Lmaintext           maintext     0000
__LnvCOMMON           nvCOMMON     0000
__Lpa_nodes           pa_nodes     0000
__Lpowerup            powerup      0000
__Lram                ram          0000
__Lreset_vec          reset_vec    0000
__Lsfr0               sfr0         0000
__Lsfr1               sfr1         0000
__Lsfr2               sfr2         0000
__Lsfr3               sfr3         0000
__Lstrings            strings      0000
__Ltext               text         0000
__S0                  (abs)        2008
__S1                  (abs)        007A
__S2                  (abs)        0000
___lbdiv              text125      002E
___lbdiv@counter      cstackBANK0  0022
___lbdiv@dividend     cstackBANK0  0021
___lbdiv@divisor      cstackBANK0  0020
___lbdiv@quotient     cstackBANK0  0023
___lbmod              text125      0049
___lbmod@counter      cstackBANK0  0023
___lbmod@dividend     cstackBANK0  0022
___lbmod@divisor      cstackBANK0  0020
___lbmod@rem          cstackBANK0  0024
__end_of___lbdiv      text125      0049
__end_of___lbmod      text125      0065
__end_of_main         maintext     0098
__end_of_ngat         text128      0081
__end_of_seg          text125      002E
__pbssCOMMON          bssCOMMON    0079
__pcstackBANK0        cstackBANK0  0020
__pcstackCOMMON       cstackCOMMON 0070
__pintentry           intentry     0004
__pmaintext           maintext     0081
__pnvCOMMON           nvCOMMON     0075
__pstrings            strings      0098
__ptext125            text125      000F
__ptext126            text125      0049
__ptext127            text125      002E
__ptext128            text128      0065
__ptext129            text129      0000
__size_of___lbdiv     (abs)        0000
__size_of___lbmod     (abs)        0000
__size_of_main        (abs)        0000
__size_of_ngat        (abs)        0000
__size_of_seg         (abs)        0000
_chuc                 nvCOMMON     0075
_dem                  bssCOMMON    0079
_donvi                nvCOMMON     0077
_exit                 init         000C
_main                 maintext     0081
_ngat                 text128      0065
_seg                  text125      000F
btemp                 (abs)        007E
end_of_initialization cinit        00A9
i1l1045                                
i1l3538                                
interrupt_function    intentry     0004
intlevel0             functab      0000
intlevel1             functab      0000
intlevel2             functab      0000
intlevel3             functab      0000
intlevel4             functab      0000
intlevel5             functab      0000
l1048                                  
l3171                                  
l3177                                  
l3666                                  
l3668                                  
l3670                                  
l3676                                  
l3680                                  
l3684                                  
l3690                                  
l3692                                  
l3696                                  
l3698                                  
l3704                                  
l3708                                  
l3710                                  
l3712                                  
l3714                                  
l3716                                  
l3718                                  
l3720                                  
l3722                                  
l3724                                  
l3726                                  
l3728                                  
l3730                                  
reset_vec             reset_vec    0000
saved_w               (abs)        007E
seg@count             cstackCOMMON 0070
start                 init         000C
start_initialization  cinit        00A8
wtemp0                (abs)        007E
