HI-TECH Software C Compiler 

Linker command line:

--edf=C:\Program Files (x86)\HI-TECH Software\PICC\9.83\dat\en_msgs.txt -cs \
  -h+h_bridge.sym -z -Q16F887 -ol.obj -Mh_bridge.map -E1 \
  -ACONST=00h-0FFhx32 -ACODE=00h-07FFhx4 -ASTRCODE=00h-01FFFh \
  -AENTRY=00h-0FFhx32 -ASTRING=00h-0FFhx32 -ABANK0=020h-06Fh \
  -ABANK1=0A0h-0EFh -ABANK2=0110h-016Fh -ABANK3=0190h-01EFh \
  -ARAM=020h-06Fh,0A0h-0EFh,0110h-016Fh,0190h-01EFh \
  -AABS1=020h-07Fh,0A0h-0EFh,0110h-016Fh,0190h-01EFh -ACOMMON=070h-07Fh \
  -ASFR0=00h-01Fh -ASFR1=080h-09Fh -ASFR2=0100h-010Fh -ASFR3=0180h-018Fh \
  -preset_vec=00h,intentry,init,end_init -ppowerup=CODE -pfunctab=CODE \
  -ACONFIG=02007h-02008h -pconfig=CONFIG -DCONFIG=2 -AIDLOC=02000h-02003h \
  -pidloc=IDLOC -DIDLOC=2 -AEEDATA=00h-0FFh/02100h -peeprom_data=EEDATA \
  -DEEDATA=2 -DCODE=2 -DSTRCODE=2 -DSTRING=2 -DCONST=2 -DENTRY=2 -k \
  startup.obj h_bridge.obj 

Object code version is 3.10

Machine type is 16F887



                Name                               Link     Load   Length Selector   Space Scale
startup.obj     end_init                              0        0        3        0       0
h_bridge.obj    config                             2007     2007        1     400E       0
                bssCOMMON                            70       70        2       70       1
                cinit                               7B5      7B5        6      F6A       0
                maintext                            7BB      7BB       45      F76       0

TOTAL           Name                               Link     Load   Length     Space
        CLASS   CONST          

        CLASS   CODE           
                end_init                              0        0        3         0
                cinit                               7B5      7B5        6         0
                maintext                            7BB      7BB       45         0

        CLASS   STRCODE        

        CLASS   ENTRY          

        CLASS   STRING         

        CLASS   BANK0          

        CLASS   BANK1          

        CLASS   BANK2          

        CLASS   BANK3          

        CLASS   RAM            

        CLASS   ABS1           
                abs_s1                               7E       7E        2         1

        CLASS   COMMON         
                bssCOMMON                            70       70        2         1

        CLASS   SFR0           

        CLASS   SFR1           

        CLASS   SFR2           

        CLASS   SFR3           

        CLASS   CONFIG         
                config                             2007     2007        1         0

        CLASS   IDLOC          

        CLASS   EEDATA         



SEGMENTS        Name                           Load    Length   Top    Selector   Space  Class     Delta

                reset_vec                      000000  000003  000003         0       0  CODE        2
                bssCOMMON                      000070  000002  000072        70       1  COMMON      1
                cinit                          0007B5  000006  0007BB       F6A       0  CODE        2
                maintext                       0007BB  000045  000800       F76       0  CODE        2
                config                         002007  000001  002008      400E       0  CONFIG      2


UNUSED ADDRESS RANGES

        Name                Unused          Largest block    Delta
        BANK0            0020-006F             50           1
        BANK1            00A0-00EF             50           1
        BANK2            0110-016F             60           1
        BANK3            0190-01EF             60           1
        CODE             0003-07B4            7B2           2
                         0800-1FFF            800
        COMMON           0072-007D              C           1
        CONFIG           2008-2008              1           2
        CONST            0003-07B4            100           2
                         0800-1FFF            100
        EEDATA           2100-21FF            100           2
        ENTRY            0003-07B4            100           2
                         0800-1FFF            100
        IDLOC            2000-2003              4           2
        RAM              0020-006F             50           1
                         00A0-00EF             50
                         0110-016F             60
                         0190-01EF             60
        SFR0             0000-001F             20           1
        SFR1             0080-009F             20           1
        SFR2             0100-010F             10           1
        SFR3             0180-018F             10           1
        STRCODE          0003-07B4            7B2           2
                         0800-1FFF           1800
        STRING           0003-07B4            100           2
                         0800-1FFF            100

                                  Symbol Table

??_main               cstackCOMMON 0000
?_main                cstackCOMMON 0000
_ANSEL                (abs)        0188
_ANSELH               (abs)        0189
_CCP1M0               (abs)        00B8
_CCP1M1               (abs)        00B9
_CCP1M2               (abs)        00BA
_CCP1M3               (abs)        00BB
_CCPR1L               (abs)        0015
_PR2                  (abs)        0092
_RB0                  (abs)        0030
_RB1                  (abs)        0031
_RD4                  (abs)        0044
_RD5                  (abs)        0045
_T2CKPS0              (abs)        0090
_T2CKPS1              (abs)        0091
_TMR2                 (abs)        0011
_TMR2IF               (abs)        0061
_TMR2ON               (abs)        0092
_TOUTPS0              (abs)        0093
_TOUTPS1              (abs)        0094
_TOUTPS2              (abs)        0095
_TOUTPS3              (abs)        0096
_TRISB                (abs)        0086
_TRISC1               (abs)        0439
_TRISC2               (abs)        043A
_TRISD                (abs)        0088
__Habs1               abs1         0000
__Hbank0              bank0        0000
__Hbank1              bank1        0000
__Hbank2              bank2        0000
__Hbank3              bank3        0000
__HbssCOMMON          bssCOMMON    0000
__Hcinit              cinit        0000
__Hclrtext            clrtext      0000
__Hcode               code         0000
__Hcommon             common       0000
__Hconfig             config       2008
__HcstackCOMMON       cstackCOMMON 0000
__Heeprom_data        eeprom_data  0000
__Hend_init           end_init     0003
__Hfunctab            functab      0000
__Hidloc              idloc        0000
__Hinit               init         0000
__Hintentry           intentry     0000
__Hmaintext           maintext     0000
__Hpa_nodes           pa_nodes     0000
__Hpowerup            powerup      0000
__Hram                ram          0000
__Hreset_vec          reset_vec    0000
__Hsfr0               sfr0         0000
__Hsfr1               sfr1         0000
__Hsfr2               sfr2         0000
__Hsfr3               sfr3         0000
__Hstrings            strings      0000
__Htext               text         0000
__Labs1               abs1         0000
__Lbank0              bank0        0000
__Lbank1              bank1        0000
__Lbank2              bank2        0000
__Lbank3              bank3        0000
__LbssCOMMON          bssCOMMON    0000
__Lcinit              cinit        0000
__Lclrtext            clrtext      0000
__Lcode               code         0000
__Lcommon             common       0000
__Lconfig             config       2007
__LcstackCOMMON       cstackCOMMON 0000
__Leeprom_data        eeprom_data  0000
__Lend_init           end_init     0000
__Lfunctab            functab      0000
__Lidloc              idloc        0000
__Linit               init         0000
__Lintentry           intentry     0000
__Lmaintext           maintext     0000
__Lpa_nodes           pa_nodes     0000
__Lpowerup            powerup      0000
__Lram                ram          0000
__Lreset_vec          reset_vec    0000
__Lsfr0               sfr0         0000
__Lsfr1               sfr1         0000
__Lsfr2               sfr2         0000
__Lsfr3               sfr3         0000
__Lstrings            strings      0000
__Ltext               text         0000
__S0                  (abs)        2008
__S1                  (abs)        0072
__S2                  (abs)        0000
__end_of_main         maintext     0800
__pbssCOMMON          bssCOMMON    0070
__pcstackCOMMON       cstackCOMMON 0000
__pmaintext           maintext     07BB
__size_of_main        (abs)        0000
_exit                 init         0000
_i                    bssCOMMON    0070
_main                 maintext     07BB
btemp                 (abs)        007E
end_of_initialization cinit        07B7
intlevel0             functab      0000
intlevel1             functab      0000
intlevel2             functab      0000
intlevel3             functab      0000
intlevel4             functab      0000
intlevel5             functab      0000
l3499                                  
l3501                                  
l3503                                  
l3505                                  
l3507                                  
l3509                                  
l3511                                  
l3513                                  
l3515                                  
l3517                                  
l3519                                  
l3521                                  
l3523                                  
l3525                                  
l3527                                  
l3529                                  
l3531                                  
l3533                                  
l3535                                  
l3551                                  
l3553                                  
l3559                                  
l3561                                  
reset_vec             reset_vec    0000
start                 init         0000
start_initialization  cinit        07B5
wtemp0                (abs)        007E
