HI-TECH Software C Compiler 

Linker command line:

--edf=C:\Program Files (x86)\HI-TECH Software\PICC\9.83\dat\en_msgs.txt -cs \
  -h+CCP_Module.sym -z -Q16F887 -ol.obj -MCCP_Module.map -E1 \
  -ACONST=00h-0FFhx32 -ACODE=00h-07FFhx4 -ASTRCODE=00h-01FFFh \
  -AENTRY=00h-0FFhx32 -ASTRING=00h-0FFhx32 -ABANK0=020h-06Fh \
  -ABANK1=0A0h-0EFh -ABANK2=0110h-016Fh -ABANK3=0190h-01EFh \
  -ARAM=020h-06Fh,0A0h-0EFh,0110h-016Fh,0190h-01EFh \
  -AABS1=020h-07Fh,0A0h-0EFh,0110h-016Fh,0190h-01EFh -ACOMMON=070h-07Fh \
  -ASFR0=00h-01Fh -ASFR1=080h-09Fh -ASFR2=0100h-010Fh -ASFR3=0180h-018Fh \
  -preset_vec=00h,intentry=04h,init,end_init -ppowerup=CODE -pfunctab=CODE \
  -ACONFIG=02007h-02008h -pconfig=CONFIG -DCONFIG=2 -AIDLOC=02000h-02003h \
  -pidloc=IDLOC -DIDLOC=2 -AEEDATA=00h-0FFh/02100h -peeprom_data=EEDATA \
  -DEEDATA=2 -DCODE=2 -DSTRCODE=2 -DSTRING=2 -DCONST=2 -DENTRY=2 -k \
  startup.obj CCP_Module.obj 

Object code version is 3.10

Machine type is 16F887



                Name                               Link     Load   Length Selector   Space Scale
startup.obj     end_init                              C        C        3        8       0
                reset_vec                             0        0        3        0       0
CCP_Module.obj  intentry                              4        4        8        8       0
                config                             2007     2007        1     400E       0
                text549                             78F      78F       2B        8       0
                text545                             881      881       CB     1102       0
                text530                            173E     173E       C2     2E7C       0
                text529                             C6F      C6F      391     18DE       0
                text525                             A9E      A9E      1D1     153C       0
                text524                             94C      94C      152     1298       0
                text519                               F        F      780        8       0
                maintext                            805      805       7C     100A       0
                cstackBANK0                          20       20       3F       20       1
                cstackCOMMON                         70       70        C       70       1
                cstackBANK1                          A0       A0       19       A0       1
                bssBANK0                             5F       5F        B       20       1
                cinit                               7BA      7BA        F        8       0
                strings                            1000     1000       8B     2000       0

TOTAL           Name                               Link     Load   Length     Space
        CLASS   CONST          

        CLASS   CODE           
                end_init                              C        C        3         0
                intentry                              4        4        8         0
                reset_vec                             0        0        3         0
                text549                             78F      78F       2B         0
                text545                             881      881       CB         0
                text530                            173E     173E       C2         0
                text529                             C6F      C6F      391         0
                text525                             A9E      A9E      1D1         0
                text524                             94C      94C      152         0
                text519                               F        F      780         0
                maintext                            805      805       7C         0
                cinit                               7BA      7BA        F         0

        CLASS   STRCODE        

        CLASS   ENTRY          

        CLASS   STRING         
                strings                            1000     1000       8B         0

        CLASS   BANK0          
                cstackBANK0                          20       20       3F         1
                bssBANK0                             5F       5F        B         1

        CLASS   BANK1          
                cstackBANK1                          A0       A0       19         1

        CLASS   BANK2          

        CLASS   BANK3          

        CLASS   RAM            

        CLASS   ABS1           
                abs_s1                               7E       7E        2         1

        CLASS   COMMON         
                cstackCOMMON                         70       70        C         1

        CLASS   SFR0           

        CLASS   SFR1           

        CLASS   SFR2           

        CLASS   SFR3           

        CLASS   CONFIG         
                config                             2007     2007        1         0

        CLASS   IDLOC          

        CLASS   EEDATA         



SEGMENTS        Name                           Load    Length   Top    Selector   Space  Class     Delta

                reset_vec                      000000  000003  000003         0       0  CODE        2
                intentry                       000004  0007C5  0007C9         8       0  CODE        2
                cstackBANK0                    000020  00004A  00006A        20       1  BANK0       1
                cstackCOMMON                   000070  00000C  00007C        70       1  COMMON      1
                cstackBANK1                    0000A0  000019  0000B9        A0       1  BANK1       1
                maintext                       000805  00007C  000881      100A       0  CODE        2
                text545                        000881  0000CB  00094C      1102       0  CODE        2
                text524                        00094C  000152  000A9E      1298       0  CODE        2
                text525                        000A9E  0001D1  000C6F      153C       0  CODE        2
                text529                        000C6F  000391  001000      18DE       0  CODE        2
                strings                        001000  00008B  00108B      2000       0  STRING      2
                text530                        00173E  0000C2  001800      2E7C       0  CODE        2
                config                         002007  000001  002008      400E       0  CONFIG      2


UNUSED ADDRESS RANGES

        Name                Unused          Largest block    Delta
        BANK0            006A-006F              6           1
        BANK1            00B9-00EF             37           1
        BANK2            0110-016F             60           1
        BANK3            0190-01EF             60           1
        CODE             0003-0003              1           2
                         07C9-0804             37
                         108B-173D            6B3
                         1800-1FFF            800
        COMMON           007C-007D              2           1
        CONFIG           2008-2008              1           2
        CONST            0003-0003              1           2
                         07C9-0804             37
                         108B-173D            100
                         1800-1FFF            100
        EEDATA           2100-21FF            100           2
        ENTRY            0003-0003              1           2
                         07C9-0804             37
                         108B-173D            100
                         1800-1FFF            100
        IDLOC            2000-2003              4           2
        RAM              006A-006F              6           1
                         00B9-00EF             37
                         0110-016F             60
                         0190-01EF             60
        SFR0             0000-001F             20           1
        SFR1             0080-009F             20           1
        SFR2             0100-010F             10           1
        SFR3             0180-018F             10           1
        STRCODE          0003-0003              1           2
                         07C9-0804             3C
                         108B-173D            6B3
                         1800-1FFF            800
        STRING           0003-0003              1           2
                         07C9-0804             37
                         108B-173D            100
                         1800-1FFF            100

                                  Symbol Table

??___awdiv             cstackCOMMON 007C
??___awmod             cstackCOMMON 0076
??___bmul              cstackCOMMON 007C
??___ftadd             cstackBANK0  0046
??___ftdiv             cstackBANK0  002A
??___ftge              cstackCOMMON 0078
??___ftmul             cstackBANK0  0037
??___ftneg             cstackCOMMON 0075
??___ftpack            cstackCOMMON 0077
??___ftsub             cstackCOMMON 007C
??___fttol             cstackBANK0  0028
??___lbdiv             cstackCOMMON 0078
??___lbmod             cstackCOMMON 0073
??___lldiv             cstackCOMMON 007A
??___llmod             cstackCOMMON 007A
??___lltoft            cstackCOMMON 007A
??___wmul              cstackCOMMON 0076
??__div_to_l_          cstackBANK0  0020
??__tdiv_to_l_         cstackCOMMON 0078
??_fround              cstackCOMMON 007C
??_isdigit             cstackCOMMON 0072
??_isprint             cstackCOMMON 0072
??_lcd_busy            cstackCOMMON 0072
??_lcd_gotoxy          cstackCOMMON 0078
??_lcd_init            cstackCOMMON 0077
??_lcd_put_byte        cstackCOMMON 0073
??_lcd_putc            cstackCOMMON 007A
??_main                cstackCOMMON 007C
??_ngat                cstackCOMMON 0070
??_printf              cstackBANK0  005A
??_putch               cstackCOMMON 007B
??_scale               cstackBANK0  0043
?___awdiv              cstackCOMMON 0078
?___awmod              cstackCOMMON 0072
?___bmul               cstackCOMMON 007B
?___ftadd              cstackBANK0  0040
?___ftdiv              cstackBANK0  0024
?___ftge               cstackCOMMON 0072
?___ftmul              cstackBANK0  0031
?___ftneg              cstackCOMMON 0072
?___ftpack             cstackCOMMON 0072
?___ftsub              cstackBANK0  004C
?___fttol              cstackBANK0  0024
?___lbdiv              cstackCOMMON 0077
?___lbmod              cstackCOMMON 0072
?___lldiv              cstackCOMMON 0072
?___llmod              cstackBANK0  0025
?___lltoft             cstackBANK0  0020
?___wmul               cstackCOMMON 0072
?__div_to_l_           cstackCOMMON 0072
?__tdiv_to_l_          cstackCOMMON 0072
?_fround               cstackBANK0  004C
?_isdigit              cstackCOMMON 0070
?_isprint              cstackCOMMON 0070
?_lcd_busy             cstackCOMMON 0070
?_lcd_gotoxy           cstackCOMMON 0077
?_lcd_init             cstackCOMMON 0070
?_lcd_put_byte         cstackCOMMON 0072
?_lcd_putc             cstackCOMMON 0070
?_main                 cstackCOMMON 0070
?_ngat                 cstackCOMMON 0070
?_printf               cstackBANK0  0056
?_putch                cstackCOMMON 0070
?_scale                cstackBANK0  0040
_ANSEL                 (abs)        0188
_ANSELH                (abs)        0189
_CCP1IE                (abs)        0462
_CCP1IF                (abs)        0062
_CCP1M0                (abs)        00B8
_CCP1M1                (abs)        00B9
_CCP1M2                (abs)        00BA
_CCP1M3                (abs)        00BB
_CCPR1                 (abs)        0015
_CCPR1H                (abs)        0016
_CCPR1L                (abs)        0015
_GIE                   (abs)        005F
_PEIE                  (abs)        005E
_RD1                   (abs)        0041
_RD2                   (abs)        0042
_RD3                   (abs)        0043
_RD4                   (abs)        0044
_RD5                   (abs)        0045
_RD6                   (abs)        0046
_RD7                   (abs)        0047
_T1CKPS0               (abs)        0084
_T1CKPS1               (abs)        0085
_T1SYNC                (abs)        0082
_TMR1CS                (abs)        0081
_TMR1GE                (abs)        0086
_TMR1H                 (abs)        000F
_TMR1L                 (abs)        000E
_TMR1ON                (abs)        0080
_TRISC2                (abs)        043A
_TRISD                 (abs)        0088
_TRISD1                (abs)        0441
_TRISD2                (abs)        0442
_TRISD3                (abs)        0443
_TRISD4                (abs)        0444
_TRISD5                (abs)        0445
_TRISD6                (abs)        0446
_TRISD7                (abs)        0447
__Habs1                abs1         0000
__Hbank0               bank0        0000
__Hbank1               bank1        0000
__Hbank2               bank2        0000
__Hbank3               bank3        0000
__HbssBANK0            bssBANK0     0000
__Hcinit               cinit        0000
__Hclrtext             clrtext      0000
__Hcode                code         0000
__Hcommon              common       0000
__Hconfig              config       2008
__HcstackBANK0         cstackBANK0  0000
__HcstackBANK1         cstackBANK1  0000
__HcstackCOMMON        cstackCOMMON 0000
__Heeprom_data         eeprom_data  0000
__Hend_init            end_init     000F
__Hfunctab             functab      0000
__Hidloc               idloc        0000
__Hinit                init         000C
__Hintentry            intentry     000C
__Hmaintext            maintext     0000
__Hpa_nodes            pa_nodes     0000
__Hpowerup             powerup      0000
__Hram                 ram          0000
__Hreset_vec           reset_vec    0003
__Hsfr0                sfr0         0000
__Hsfr1                sfr1         0000
__Hsfr2                sfr2         0000
__Hsfr3                sfr3         0000
__Hstrings             strings      0000
__Htext                text         0000
__Labs1                abs1         0000
__Lbank0               bank0        0000
__Lbank1               bank1        0000
__Lbank2               bank2        0000
__Lbank3               bank3        0000
__LbssBANK0            bssBANK0     0000
__Lcinit               cinit        0000
__Lclrtext             clrtext      0000
__Lcode                code         0000
__Lcommon              common       0000
__Lconfig              config       2007
__LcstackBANK0         cstackBANK0  0000
__LcstackBANK1         cstackBANK1  0000
__LcstackCOMMON        cstackCOMMON 0000
__Leeprom_data         eeprom_data  0000
__Lend_init            end_init     000C
__Lfunctab             functab      0000
__Lidloc               idloc        0000
__Linit                init         000C
__Lintentry            intentry     0004
__Lmaintext            maintext     0000
__Lpa_nodes            pa_nodes     0000
__Lpowerup             powerup      0000
__Lram                 ram          0000
__Lreset_vec           reset_vec    0000
__Lsfr0                sfr0         0000
__Lsfr1                sfr1         0000
__Lsfr2                sfr2         0000
__Lsfr3                sfr3         0000
__Lstrings             strings      0000
__Ltext                text         0000
__S0                   (abs)        2008
__S1                   (abs)        00B9
__S2                   (abs)        0000
___awdiv               text529      0E69
___awdiv@counter       cstackBANK0  0020
___awdiv@dividend      cstackCOMMON 007A
___awdiv@divisor       cstackCOMMON 0078
___awdiv@quotient      cstackBANK0  0022
___awdiv@sign          cstackBANK0  0021
___awmod               text529      0EAF
___awmod@counter       cstackCOMMON 0076
___awmod@dividend      cstackCOMMON 0074
___awmod@divisor       cstackCOMMON 0072
___awmod@sign          cstackCOMMON 0077
___bmul                text529      0F5B
___bmul@multiplicand   cstackCOMMON 007B
___bmul@multiplier     cstackBANK0  0021
___bmul@product        cstackBANK0  0020
___ftadd               text530      173E
___ftadd@exp1          cstackBANK0  004B
___ftadd@exp2          cstackBANK0  004A
___ftadd@f1            cstackBANK0  0040
___ftadd@f2            cstackBANK0  0043
___ftadd@sign          cstackBANK0  0049
___ftdiv               text529      0C6F
___ftdiv@cntr          cstackBANK0  002D
___ftdiv@exp           cstackBANK0  0031
___ftdiv@f1            cstackBANK0  0027
___ftdiv@f2            cstackBANK0  0024
___ftdiv@f3            cstackBANK0  002E
___ftdiv@sign          cstackBANK0  0032
___ftge                text519      054B
___ftge@ff1            cstackCOMMON 0072
___ftge@ff2            cstackCOMMON 0075
___ftmul               text529      0EEC
___ftmul@cntr          cstackBANK0  003E
___ftmul@exp           cstackBANK0  003A
___ftmul@f1            cstackBANK0  0031
___ftmul@f2            cstackBANK0  0034
___ftmul@f3_as_product cstackBANK0  003B
___ftmul@sign          cstackBANK0  003F
___ftneg               text519      06BA
___ftneg@f1            cstackCOMMON 0072
___ftpack              text529      0F69
___ftpack@arg          cstackCOMMON 0072
___ftpack@exp          cstackCOMMON 0075
___ftpack@sign         cstackCOMMON 0076
___ftsub               text519      06E2
___ftsub@f1            cstackBANK0  004F
___ftsub@f2            cstackBANK0  004C
___fttol               text519      059E
___fttol@exp1          cstackBANK0  0030
___fttol@f1            cstackBANK0  0024
___fttol@lval          cstackBANK0  002C
___fttol@sign1         cstackBANK0  002B
___lbdiv               text524      0A51
___lbdiv@counter       cstackCOMMON 0079
___lbdiv@dividend      cstackCOMMON 0078
___lbdiv@divisor       cstackCOMMON 0077
___lbdiv@quotient      cstackCOMMON 007A
___lbmod               text524      0A6C
___lbmod@counter       cstackCOMMON 0075
___lbmod@dividend      cstackCOMMON 0074
___lbmod@divisor       cstackCOMMON 0072
___lbmod@rem           cstackCOMMON 0076
___lldiv               text519      05F9
___lldiv@counter       cstackBANK0  0024
___lldiv@dividend      cstackCOMMON 0076
___lldiv@divisor       cstackCOMMON 0072
___lldiv@quotient      cstackBANK0  0020
___llmod               text519      050D
___llmod@counter       cstackCOMMON 007A
___llmod@dividend      cstackBANK0  0029
___llmod@divisor       cstackBANK0  0025
___lltoft              text519      06C2
___lltoft@c            cstackBANK0  0020
___lltoft@exp          cstackCOMMON 007A
___wmul                text519      0585
___wmul@multiplicand   cstackCOMMON 0074
___wmul@multiplier     cstackCOMMON 0072
___wmul@product        cstackCOMMON 0076
__div_to_l_            text545      0881
__div_to_l_@cntr       cstackBANK0  002C
__div_to_l_@exp1       cstackBANK0  002D
__div_to_l_@f1         cstackCOMMON 0072
__div_to_l_@f2         cstackCOMMON 0075
__div_to_l_@quot       cstackBANK0  0028
__end_of___awdiv       text529      0EAF
__end_of___awmod       text529      0EEC
__end_of___bmul        text529      0F69
__end_of___ftadd       text530      1800
__end_of___ftdiv       text529      0CD7
__end_of___ftge        text519      0577
__end_of___ftmul       text529      0F5B
__end_of___ftneg       text519      06C2
__end_of___ftpack      text529      0FA7
__end_of___ftsub       text519      06FA
__end_of___fttol       text519      05F9
__end_of___lbdiv       text524      0A6C
__end_of___lbmod       text524      0A88
__end_of___lldiv       text519      0642
__end_of___llmod       text519      054B
__end_of___lltoft      text519      06E2
__end_of___wmul        text519      059E
__end_of__div_to_l_    text545      093F
__end_of__tdiv_to_l_   text519      06BA
__end_of_fround        text524      0A51
__end_of_isdigit       text519      0585
__end_of_isprint       text525      0C65
__end_of_lcd_busy      text525      0C57
__end_of_lcd_gotoxy    text525      0AB6
__end_of_lcd_init      text525      0BA0
__end_of_lcd_put_byte  text525      0C30
__end_of_lcd_putc      text525      0AE5
__end_of_main          maintext     0881
__end_of_ngat          text549      07BA
__end_of_printf        text519      0509
__end_of_putch         text519      050D
__end_of_scale         text529      0E69
__npowers_             strings      1006
__pbssBANK0            bssBANK0     005F
__pcstackBANK0         cstackBANK0  0020
__pcstackBANK1         cstackBANK1  00A0
__pcstackCOMMON        cstackCOMMON 0070
__pintentry            intentry     0004
__pmaintext            maintext     0805
__powers_              strings      102D
__pstrings             strings      1000
__ptext519             text519      000F
__ptext520             text519      0509
__ptext521             text525      0AB6
__ptext522             text519      06E2
__ptext523             text529      0CD7
__ptext524             text524      094C
__ptext525             text525      0A9E
__ptext526             text525      0AE5
__ptext527             text519      06C2
__ptext528             text529      0EEC
__ptext529             text529      0C6F
__ptext530             text530      173E
__ptext531             text525      0C30
__ptext532             text525      0BA0
__ptext533             text529      0EAF
__ptext534             text519      05F9
__ptext535             text519      054B
__ptext536             text519      06BA
__ptext537             text519      050D
__ptext538             text529      0E69
__ptext539             text519      059E
__ptext540             text529      0F69
__ptext541             text524      0A6C
__ptext542             text524      0A51
__ptext543             text519      0585
__ptext544             text529      0F5B
__ptext545             text545      0881
__ptext546             text519      0642
__ptext547             text519      0577
__ptext548             text525      0C57
__ptext549             text549      078F
__ptext550             text550      0000
__size_of___awdiv      (abs)        0000
__size_of___awmod      (abs)        0000
__size_of___bmul       (abs)        0000
__size_of___ftadd      (abs)        0000
__size_of___ftdiv      (abs)        0000
__size_of___ftge       (abs)        0000
__size_of___ftmul      (abs)        0000
__size_of___ftneg      (abs)        0000
__size_of___ftpack     (abs)        0000
__size_of___ftsub      (abs)        0000
__size_of___fttol      (abs)        0000
__size_of___lbdiv      (abs)        0000
__size_of___lbmod      (abs)        0000
__size_of___lldiv      (abs)        0000
__size_of___llmod      (abs)        0000
__size_of___lltoft     (abs)        0000
__size_of___wmul       (abs)        0000
__size_of__div_to_l_   (abs)        0000
__size_of__tdiv_to_l_  (abs)        0000
__size_of_fround       (abs)        0000
__size_of_isdigit      (abs)        0000
__size_of_isprint      (abs)        0000
__size_of_lcd_busy     (abs)        0000
__size_of_lcd_gotoxy   (abs)        0000
__size_of_lcd_init     (abs)        0000
__size_of_lcd_put_byte (abs)        0000
__size_of_lcd_putc     (abs)        0000
__size_of_main         (abs)        0000
__size_of_ngat         (abs)        0000
__size_of_printf       (abs)        0000
__size_of_putch        (abs)        0000
__size_of_scale        (abs)        0000
__tdiv_to_l_           text519      0642
__tdiv_to_l_@cntr      cstackBANK0  0024
__tdiv_to_l_@exp1      cstackBANK0  0025
__tdiv_to_l_@f1        cstackCOMMON 0072
__tdiv_to_l_@f2        cstackCOMMON 0075
__tdiv_to_l_@quot      cstackBANK0  0020
_ccp_old               bssBANK0     005F
_dem                   bssBANK0     0066
_dpowers               strings      1054
_exit                  init         000C
_fre                   bssBANK0     0063
_fround                text524      094C
_fround$4102           cstackBANK0  0052
_fround$4103           cstackBANK0  004F
_isdigit               text519      0577
_isdigit$3660          cstackCOMMON 0072
_isprint               text525      0C57
_isprint$3663          cstackCOMMON 0072
_lcd_busy              text525      0C30
_lcd_gotoxy            text525      0A9E
_lcd_init              text525      0AE5
_lcd_put_byte          text525      0BA0
_lcd_putc              text525      0AB6
_main                  maintext     0805
_ngat                  text549      078F
_printf                text519      000F
_printf$3152           cstackBANK1  00A0
_putch                 text519      0509
_scale                 text529      0CD7
_scale$4104            cstackBANK0  0047
btemp                  (abs)        007E
end_of_initialization  cinit        07C5
fround@prec            cstackBANK0  0055
i1l2147                                 
i1l6045                                 
interrupt_function     intentry     0004
intlevel0              functab      0000
intlevel1              functab      0000
intlevel2              functab      0000
intlevel3              functab      0000
intlevel4              functab      0000
intlevel5              functab      0000
isdigit@c              cstackCOMMON 0073
isprint@c              cstackCOMMON 0073
l1056                                   
l1059                                   
l1067                                   
l1090                                   
l2143                                   
l3251                                   
l3256                                   
l3266                                   
l3272                                   
l3302                                   
l3308                                   
l3352                                   
l3419                                   
l3429                                   
l3433                                   
l3448                                   
l3487                                   
l3509                                   
l3517                                   
l3560                                   
l6033                                   
l6035                                   
l6053                                   
l6055                                   
l6065                                   
l6073                                   
l6075                                   
l6077                                   
l6079                                   
l6081                                   
l6085                                   
l6089                                   
l6093                                   
l6101                                   
l6113                                   
l6123                                   
l6125                                   
l6127                                   
l6129                                   
l6133                                   
l6137                                   
l6139                                   
l6147                                   
l6159                                   
l6167                                   
l6169                                   
l6175                                   
l6183                                   
l6185                                   
l6191                                   
l6193                                   
l6195                                   
l6201                                   
l6205                                   
l6209                                   
l6215                                   
l6217                                   
l6221                                   
l6223                                   
l6229                                   
l6233                                   
l6235                                   
l6255                                   
l6257                                   
l6259                                   
l6261                                   
l6267                                   
l6269                                   
l6271                                   
l6273                                   
l6275                                   
l6283                                   
l6293                                   
l6299                                   
l6301                                   
l6305                                   
l6311                                   
l6315                                   
l6325                                   
l6329                                   
l6333                                   
l6337                                   
l6343                                   
l6357                                   
l6363                                   
l6371                                   
l6381                                   
l6383                                   
l6391                                   
l6393                                   
l6403                                   
l6407                                   
l6411                                   
l6417                                   
l6419                                   
l6423                                   
l6443                                   
l6447                                   
l6453                                   
l6455                                   
l6457                                   
l6461                                   
l6463                                   
l6465                                   
l6473                                   
l6475                                   
l6477                                   
l6485                                   
l6487                                   
l6489                                   
l6491                                   
l6493                                   
l6495                                   
l6497                                   
l6499                                   
l6503                                   
l6505                                   
l6507                                   
l6517                                   
l6523                                   
l6529                                   
l6531                                   
l6535                                   
l6547                                   
l6557                                   
l6563                                   
l6567                                   
l6569                                   
l6573                                   
l6575                                   
l6581                                   
l6593                                   
l6595                                   
l6597                                   
l6599                                   
l6601                                   
l6603                                   
l6605                                   
l6607                                   
l6609                                   
l6615                                   
l6619                                   
l6621                                   
l6625                                   
l6639                                   
l6641                                   
l6643                                   
l6645                                   
l6647                                   
l6649                                   
l6651                                   
l6653                                   
l6661                                   
l6663                                   
l6665                                   
l6673                                   
l6675                                   
l6677                                   
l6681                                   
l6691                                   
l6693                                   
l6695                                   
l6697                                   
l6699                                   
l6701                                   
l6729                                   
l6731                                   
l6737                                   
l6741                                   
l6745                                   
l6755                                   
l6763                                   
l6767                                   
l6803                                   
l6805                                   
l6809                                   
l6827                                   
l6829                                   
l6837                                   
l6843                                   
l6845                                   
l6851                                   
l6853                                   
l6857                                   
l6863                                   
l6879                                   
l6881                                   
l6885                                   
l6889                                   
l6893                                   
l6895                                   
l6897                                   
l6899                                   
l6901                                   
l6903                                   
l6909                                   
l6911                                   
l6941                                   
l6943                                   
l6945                                   
l6949                                   
l6963                                   
l6967                                   
l6991                                   
l7001                                   
l7009                                   
l7015                                   
l7017                                   
l7035                                   
l7069                                   
l7081                                   
l7083                                   
l7085                                   
l7087                                   
l7089                                   
l7091                                   
l7093                                   
l7095                                   
l7097                                   
l7099                                   
l7101                                   
l7103                                   
l7105                                   
l7107                                   
l7109                                   
l7111                                   
l7113                                   
l7115                                   
l7117                                   
l7119                                   
l7121                                   
l7123                                   
l7125                                   
l7127                                   
lcd_busy@busy          cstackCOMMON 0073
lcd_gotoxy@address     cstackCOMMON 0079
lcd_gotoxy@col         cstackCOMMON 0078
lcd_gotoxy@row         cstackCOMMON 0077
lcd_put_byte@b         cstackCOMMON 0072
lcd_put_byte@rs        cstackCOMMON 0075
lcd_put_byte@temp      cstackCOMMON 0076
lcd_putc@c             cstackCOMMON 007A
printf@_val            cstackBANK1  00AB
printf@ap              cstackBANK1  00A4
printf@c               cstackBANK1  00B8
printf@exp             cstackBANK1  00B1
printf@f               cstackBANK1  00AA
printf@flag            cstackBANK1  00A8
printf@fval            cstackBANK1  00B3
printf@integ           cstackBANK1  00A5
printf@prec            cstackBANK1  00B6
printf@width           cstackBANK1  00AF
putch@c                cstackCOMMON 007B
reset_vec              reset_vec    0000
saved_w                (abs)        007E
scale@scl              cstackBANK0  004A
start                  init         000C
start_initialization   cinit        07BA
u2360                                   
u3470                                   
wtemp0                 (abs)        007E
