HI-TECH Software C Compiler 

Linker command line:

--edf=C:\Program Files (x86)\HI-TECH Software\PICC\9.83\dat\en_msgs.txt -cs \
  -h+Bai1.sym -z -Q16F887 -ol.obj -MBai1.map -E1 -ACONST=00h-0FFhx32 \
  -ACODE=00h-07FFhx4 -ASTRCODE=00h-01FFFh -AENTRY=00h-0FFhx32 \
  -ASTRING=00h-0FFhx32 -ABANK0=020h-06Fh -ABANK1=0A0h-0EFh \
  -ABANK2=0110h-016Fh -ABANK3=0190h-01EFh \
  -ARAM=020h-06Fh,0A0h-0EFh,0110h-016Fh,0190h-01EFh \
  -AABS1=020h-07Fh,0A0h-0EFh,0110h-016Fh,0190h-01EFh -ACOMMON=070h-07Fh \
  -ASFR0=00h-01Fh -ASFR1=080h-09Fh -ASFR2=0100h-010Fh -ASFR3=0180h-018Fh \
  -preset_vec=00h,intentry=04h,init,end_init -ppowerup=CODE -pfunctab=CODE \
  -ACONFIG=02007h-02008h -pconfig=CONFIG -DCONFIG=2 -AIDLOC=02000h-02003h \
  -pidloc=IDLOC -DIDLOC=2 -AEEDATA=00h-0FFh/02100h -peeprom_data=EEDATA \
  -DEEDATA=2 -DCODE=2 -DSTRCODE=2 -DSTRING=2 -DCONST=2 -DENTRY=2 -k \
  startup.obj Bai1.obj 

Object code version is 3.10

Machine type is 16F887



                Name                               Link     Load   Length Selector   Space Scale
startup.obj     end_init                              C        C        3        8       0
                reset_vec                             0        0        3        0       0
Bai1.obj        intentry                              4        4        8        8       0
                config                             2007     2007        1     400E       0
                text247                             468      468       13      86A       0
                text245                             435      435       33      86A       0
                text240                               F        F      330        8       0
                maintext                            33F      33F       BF        8       0
                cstackBANK0                          20       20       24       20       1
                cstackCOMMON                         70       70        C       70       1
                bssBANK0                             44       44        E       20       1
                cinit                               47B      47B       12      86A       0
                strings                             400      400       35      800       0

TOTAL           Name                               Link     Load   Length     Space
        CLASS   CONST          

        CLASS   CODE           
                end_init                              C        C        3         0
                intentry                              4        4        8         0
                reset_vec                             0        0        3         0
                text247                             468      468       13         0
                text245                             435      435       33         0
                text240                               F        F      330         0
                maintext                            33F      33F       BF         0
                cinit                               47B      47B       12         0

        CLASS   STRCODE        

        CLASS   ENTRY          

        CLASS   STRING         
                strings                             400      400       35         0

        CLASS   BANK0          
                cstackBANK0                          20       20       24         1
                bssBANK0                             44       44        E         1

        CLASS   BANK1          

        CLASS   BANK2          

        CLASS   BANK3          

        CLASS   RAM            

        CLASS   ABS1           
                abs_s1                               7E       7E        2         1

        CLASS   COMMON         
                cstackCOMMON                         70       70        C         1

        CLASS   SFR0           

        CLASS   SFR1           

        CLASS   SFR2           

        CLASS   SFR3           

        CLASS   CONFIG         
                config                             2007     2007        1         0

        CLASS   IDLOC          

        CLASS   EEDATA         



SEGMENTS        Name                           Load    Length   Top    Selector   Space  Class     Delta

                reset_vec                      000000  000003  000003         0       0  CODE        2
                intentry                       000004  0003FA  0003FE         8       0  CODE        2
                cstackBANK0                    000020  000032  000052        20       1  BANK0       1
                cstackCOMMON                   000070  00000C  00007C        70       1  COMMON      1
                strings                        000400  000035  000435       800       0  STRING      2
                text245                        000435  000058  00048D       86A       0  CODE        2
                config                         002007  000001  002008      400E       0  CONFIG      2


UNUSED ADDRESS RANGES

        Name                Unused          Largest block    Delta
        BANK0            0052-006F             1E           1
        BANK1            00A0-00EF             50           1
        BANK2            0110-016F             60           1
        BANK3            0190-01EF             60           1
        CODE             0003-0003              1           2
                         03FE-03FF              2
                         048D-1FFF            800
        COMMON           007C-007D              2           1
        CONFIG           2008-2008              1           2
        CONST            0003-0003              1           2
                         03FE-03FF              2
                         048D-1FFF            100
        EEDATA           2100-21FF            100           2
        ENTRY            0003-0003              1           2
                         03FE-03FF              2
                         048D-1FFF            100
        IDLOC            2000-2003              4           2
        RAM              0052-006F             1E           1
                         00A0-00EF             50
                         0110-016F             60
                         0190-01EF             60
        SFR0             0000-001F             20           1
        SFR1             0080-009F             20           1
        SFR2             0100-010F             10           1
        SFR3             0180-018F             10           1
        STRCODE          0003-0003              1           2
                         03FE-03FF              2
                         048D-1FFF           1B73
        STRING           0003-0003              1           2
                         03FE-03FF              2
                         048D-1FFF            100

                                  Symbol Table

??___lldiv             cstackCOMMON 007A
??___llmod             cstackCOMMON 007A
??___lmul              cstackCOMMON 007A
??_isprint             cstackCOMMON 0072
??_lcd_busy            cstackCOMMON 0072
??_lcd_gotoxy          cstackCOMMON 0078
??_lcd_init            cstackCOMMON 0077
??_lcd_put_byte        cstackCOMMON 0073
??_lcd_putc            cstackCOMMON 007A
??_main                cstackBANK0  0040
??_ngat                cstackCOMMON 0070
??_printf              cstackBANK0  0031
??_putch               cstackCOMMON 007B
?___lldiv              cstackCOMMON 0072
?___llmod              cstackBANK0  0025
?___lmul               cstackCOMMON 0072
?_isprint              cstackCOMMON 0070
?_lcd_busy             cstackCOMMON 0070
?_lcd_gotoxy           cstackCOMMON 0077
?_lcd_init             cstackCOMMON 0070
?_lcd_put_byte         cstackCOMMON 0072
?_lcd_putc             cstackCOMMON 0070
?_main                 cstackCOMMON 0070
?_ngat                 cstackCOMMON 0070
?_printf               cstackBANK0  002D
?_putch                cstackCOMMON 0070
_GIE                   (abs)        005F
_PEIE                  (abs)        005E
_RD1                   (abs)        0041
_RD2                   (abs)        0042
_RD3                   (abs)        0043
_RD4                   (abs)        0044
_RD5                   (abs)        0045
_RD6                   (abs)        0046
_RD7                   (abs)        0047
_T1CKPS0               (abs)        0084
_T1CKPS1               (abs)        0085
_T1OSCEN               (abs)        0083
_T1SYNC                (abs)        0082
_TMR1                  (abs)        000E
_TMR1CS                (abs)        0081
_TMR1GE                (abs)        0086
_TMR1IE                (abs)        0460
_TMR1IF                (abs)        0060
_TMR1ON                (abs)        0080
_TRISC0                (abs)        0438
_TRISD                 (abs)        0088
_TRISD1                (abs)        0441
_TRISD2                (abs)        0442
_TRISD3                (abs)        0443
_TRISD4                (abs)        0444
_TRISD5                (abs)        0445
_TRISD6                (abs)        0446
_TRISD7                (abs)        0447
__Habs1                abs1         0000
__Hbank0               bank0        0000
__Hbank1               bank1        0000
__Hbank2               bank2        0000
__Hbank3               bank3        0000
__HbssBANK0            bssBANK0     0000
__Hcinit               cinit        0000
__Hclrtext             clrtext      0000
__Hcode                code         0000
__Hcommon              common       0000
__Hconfig              config       2008
__HcstackBANK0         cstackBANK0  0000
__HcstackCOMMON        cstackCOMMON 0000
__Heeprom_data         eeprom_data  0000
__Hend_init            end_init     000F
__Hfunctab             functab      0000
__Hidloc               idloc        0000
__Hinit                init         000C
__Hintentry            intentry     000C
__Hmaintext            maintext     0000
__Hpa_nodes            pa_nodes     0000
__Hpowerup             powerup      0000
__Hram                 ram          0000
__Hreset_vec           reset_vec    0003
__Hsfr0                sfr0         0000
__Hsfr1                sfr1         0000
__Hsfr2                sfr2         0000
__Hsfr3                sfr3         0000
__Hstrings             strings      0000
__Htext                text         0000
__Labs1                abs1         0000
__Lbank0               bank0        0000
__Lbank1               bank1        0000
__Lbank2               bank2        0000
__Lbank3               bank3        0000
__LbssBANK0            bssBANK0     0000
__Lcinit               cinit        0000
__Lclrtext             clrtext      0000
__Lcode                code         0000
__Lcommon              common       0000
__Lconfig              config       2007
__LcstackBANK0         cstackBANK0  0000
__LcstackCOMMON        cstackCOMMON 0000
__Leeprom_data         eeprom_data  0000
__Lend_init            end_init     000C
__Lfunctab             functab      0000
__Lidloc               idloc        0000
__Linit                init         000C
__Lintentry            intentry     0004
__Lmaintext            maintext     0000
__Lpa_nodes            pa_nodes     0000
__Lpowerup             powerup      0000
__Lram                 ram          0000
__Lreset_vec           reset_vec    0000
__Lsfr0                sfr0         0000
__Lsfr1                sfr1         0000
__Lsfr2                sfr2         0000
__Lsfr3                sfr3         0000
__Lstrings             strings      0000
__Ltext                text         0000
__S0                   (abs)        2008
__S1                   (abs)        007C
__S2                   (abs)        0000
___lldiv               text240      01D9
___lldiv@counter       cstackBANK0  0024
___lldiv@dividend      cstackCOMMON 0076
___lldiv@divisor       cstackCOMMON 0072
___lldiv@quotient      cstackBANK0  0020
___llmod               text240      019B
___llmod@counter       cstackCOMMON 007A
___llmod@dividend      cstackBANK0  0029
___llmod@divisor       cstackBANK0  0025
___lmul                text245      0435
___lmul@multiplicand   cstackCOMMON 0076
___lmul@multiplier     cstackCOMMON 0072
___lmul@product        cstackBANK0  0020
__end_of___lldiv       text240      0221
__end_of___llmod       text240      01D9
__end_of___lmul        text245      0468
__end_of_isprint       text240      0315
__end_of_lcd_busy      text240      0307
__end_of_lcd_gotoxy    text240      032D
__end_of_lcd_init      text240      00CA
__end_of_lcd_put_byte  text240      02E0
__end_of_lcd_putc      text240      0250
__end_of_main          maintext     03FE
__end_of_ngat          text247      047B
__end_of_printf        text240      0199
__end_of_putch         text240      019B
__pbssBANK0            bssBANK0     0044
__pcstackBANK0         cstackBANK0  0020
__pcstackCOMMON        cstackCOMMON 0070
__pintentry            intentry     0004
__pmaintext            maintext     033F
__pstrings             strings      0400
__ptext236             text240      00CA
__ptext237             text240      0199
__ptext238             text240      0221
__ptext239             text240      0315
__ptext240             text240      000F
__ptext241             text240      02E0
__ptext242             text240      0250
__ptext243             text240      01D9
__ptext244             text240      019B
__ptext245             text245      0435
__ptext246             text240      0307
__ptext247             text247      0468
__ptext248             text248      0000
__size_of___lldiv      (abs)        0000
__size_of___llmod      (abs)        0000
__size_of___lmul       (abs)        0000
__size_of_isprint      (abs)        0000
__size_of_lcd_busy     (abs)        0000
__size_of_lcd_gotoxy   (abs)        0000
__size_of_lcd_init     (abs)        0000
__size_of_lcd_put_byte (abs)        0000
__size_of_lcd_putc     (abs)        0000
__size_of_main         (abs)        0000
__size_of_ngat         (abs)        0000
__size_of_printf       (abs)        0000
__size_of_putch        (abs)        0000
_dem                   bssBANK0     0050
_dpowers               strings      0406
_exit                  init         000C
_isprint               text240      0307
_isprint$3637          cstackCOMMON 0072
_kq                    bssBANK0     0044
_lcd_busy              text240      02E0
_lcd_gotoxy            text240      0315
_lcd_init              text240      000F
_lcd_put_byte          text240      0250
_lcd_putc              text240      0221
_main                  maintext     033F
_ngat                  text247      0468
_printf                text240      00CA
_pulse                 bssBANK0     0048
_putch                 text240      0199
_tam                   bssBANK0     004C
btemp                  (abs)        007E
end_of_initialization  cinit        0489
i1l3904                                 
i1l3910                                 
interrupt_function     intentry     0004
intlevel0              functab      0000
intlevel1              functab      0000
intlevel2              functab      0000
intlevel3              functab      0000
intlevel4              functab      0000
intlevel5              functab      0000
isprint@c              cstackCOMMON 0073
l1049                                   
l2109                                   
l2112                                   
l2120                                   
l2143                                   
l3165                                   
l3252                                   
l3334                                   
l3353                                   
l3912                                   
l3914                                   
l3924                                   
l3930                                   
l3936                                   
l3950                                   
l3956                                   
l3958                                   
l3968                                   
l3972                                   
l3976                                   
l3982                                   
l3984                                   
l3986                                   
l3990                                   
l3992                                   
l3994                                   
l4002                                   
l4004                                   
l4006                                   
l4014                                   
l4016                                   
l4018                                   
l4020                                   
l4022                                   
l4024                                   
l4026                                   
l4028                                   
l4032                                   
l4034                                   
l4036                                   
l4038                                   
l4040                                   
l4042                                   
l4070                                   
l4072                                   
l4078                                   
l4082                                   
l4100                                   
l4102                                   
l4118                                   
l4122                                   
l4136                                   
l4146                                   
l4148                                   
l4150                                   
l4152                                   
l4154                                   
l4156                                   
l4158                                   
l4160                                   
l4162                                   
l4164                                   
l4166                                   
l4168                                   
l4170                                   
l4172                                   
l4176                                   
l4178                                   
l4180                                   
l4182                                   
l4184                                   
l4186                                   
l4188                                   
l4190                                   
l4192                                   
lcd_busy@busy          cstackCOMMON 0073
lcd_gotoxy@address     cstackCOMMON 0079
lcd_gotoxy@col         cstackCOMMON 0078
lcd_gotoxy@row         cstackCOMMON 0077
lcd_put_byte@b         cstackCOMMON 0072
lcd_put_byte@rs        cstackCOMMON 0075
lcd_put_byte@temp      cstackCOMMON 0076
lcd_putc@c             cstackCOMMON 007A
printf@_val            cstackBANK0  003A
printf@ap              cstackBANK0  003E
printf@c               cstackBANK0  003F
printf@f               cstackBANK0  0039
printf@flag            cstackBANK0  0036
printf@prec            cstackBANK0  0037
putch@ki_tu            cstackCOMMON 007B
reset_vec              reset_vec    0000
saved_w                (abs)        007E
start                  init         000C
start_initialization   cinit        047B
wtemp0                 (abs)        007E
