HI-TECH Software C Compiler 

Linker command line:

--edf=C:\Program Files (x86)\HI-TECH Software\PICC\9.83\dat\en_msgs.txt -cs \
  -h+button.sym -z -Q16F887 -ol.obj -Mbutton.map -E1 -ACONST=00h-0FFhx32 \
  -ACODE=00h-07FFhx4 -ASTRCODE=00h-01FFFh -AENTRY=00h-0FFhx32 \
  -ASTRING=00h-0FFhx32 -ABANK0=020h-06Fh -ABANK1=0A0h-0EFh \
  -ABANK2=0110h-016Fh -ABANK3=0190h-01EFh \
  -ARAM=020h-06Fh,0A0h-0EFh,0110h-016Fh,0190h-01EFh \
  -AABS1=020h-07Fh,0A0h-0EFh,0110h-016Fh,0190h-01EFh -ACOMMON=070h-07Fh \
  -ASFR0=00h-01Fh -ASFR1=080h-09Fh -ASFR2=0100h-010Fh -ASFR3=0180h-018Fh \
  -preset_vec=00h,intentry=04h,init,end_init -ppowerup=CODE -pfunctab=CODE \
  -ACONFIG=02007h-02008h -pconfig=CONFIG -DCONFIG=2 -AIDLOC=02000h-02003h \
  -pidloc=IDLOC -DIDLOC=2 -AEEDATA=00h-0FFh/02100h -peeprom_data=EEDATA \
  -DEEDATA=2 -DCODE=2 -DSTRCODE=2 -DSTRING=2 -DCONST=2 -DENTRY=2 -k \
  startup.obj button.obj 

Object code version is 3.10

Machine type is 16F887



                Name                               Link     Load   Length Selector   Space Scale
startup.obj     end_init                              C        C        3        8       0
                reset_vec                             0        0        3        0       0
button.obj      intentry                              4        4        8        8       0
                config                             2007     2007        1     400E       0
                text367                              E8       E8       A9        8       0
                text366                             29D      29D       4E        8       0
                text365                             24F      24F       4E        8       0
                text364                             343      343       27        8       0
                text363                             1F0      1F0       5F        8       0
                text362                             191      191       5F        8       0
                text361                             317      317       2C        8       0
                text360                             2EB      2EB       2C        8       0
                text359                             36A      36A       26        8       0
                maintext                              F        F       D9        8       0
                cstackBANK0                          20       20        6       20       1
                cstackCOMMON                         71       71        5       70       1
                bssCOMMON                            76       76        2       70       1
                bitbssCOMMON                        380       70        8       70       1     8
                cinit                               390      390        7        8       0

TOTAL           Name                               Link     Load   Length     Space
        CLASS   CONST          

        CLASS   CODE           
                end_init                              C        C        3         0
                intentry                              4        4        8         0
                reset_vec                             0        0        3         0
                text367                              E8       E8       A9         0
                text366                             29D      29D       4E         0
                text365                             24F      24F       4E         0
                text364                             343      343       27         0
                text363                             1F0      1F0       5F         0
                text362                             191      191       5F         0
                text361                             317      317       2C         0
                text360                             2EB      2EB       2C         0
                text359                             36A      36A       26         0
                maintext                              F        F       D9         0
                cinit                               390      390        7         0

        CLASS   STRCODE        

        CLASS   ENTRY          

        CLASS   STRING         

        CLASS   BANK0          
                cstackBANK0                          20       20        6         1

        CLASS   BANK1          

        CLASS   BANK2          

        CLASS   BANK3          

        CLASS   RAM            

        CLASS   ABS1           
                abs_s1                               7E       7E        2         1

        CLASS   COMMON         
                cstackCOMMON                         71       71        5         1
                bssCOMMON                            76       76        2         1
                bitbssCOMMON                        380       70        8         1

        CLASS   SFR0           

        CLASS   SFR1           

        CLASS   SFR2           

        CLASS   SFR3           

        CLASS   CONFIG         
                config                             2007     2007        1         0

        CLASS   IDLOC          

        CLASS   EEDATA         



SEGMENTS        Name                           Load    Length   Top    Selector   Space  Class     Delta

                reset_vec                      000000  000003  000003         0       0  CODE        2
                intentry                       000004  000393  000397         8       0  CODE        2
                cstackBANK0                    000020  000006  000026        20       1  BANK0       1
                bitbssCOMMON                   000070  000008  000078        70       1  COMMON      1
                config                         002007  000001  002008      400E       0  CONFIG      2


UNUSED ADDRESS RANGES

        Name                Unused          Largest block    Delta
        BANK0            0026-006F             4A           1
        BANK1            00A0-00EF             50           1
        BANK2            0110-016F             60           1
        BANK3            0190-01EF             60           1
        CODE             0003-0003              1           2
                         0397-1FFF            800
        COMMON           0078-007D              6           1
        CONFIG           2008-2008              1           2
        CONST            0003-0003              1           2
                         0397-1FFF            100
        EEDATA           2100-21FF            100           2
        ENTRY            0003-0003              1           2
                         0397-1FFF            100
        IDLOC            2000-2003              4           2
        RAM              0026-006F             4A           1
                         00A0-00EF             50
                         0110-016F             60
                         0190-01EF             60
        SFR0             0000-001F             20           1
        SFR1             0080-009F             20           1
        SFR2             0100-010F             10           1
        SFR3             0180-018F             10           1
        STRCODE          0003-0003              1           2
                         0397-1FFF           1C69
        STRING           0003-0003              1           2
                         0397-1FFF            100

                                  Symbol Table

??_main               cstackBANK0  0023
??_ngat               cstackCOMMON 0071
??_rb0                cstackBANK0  0020
??_rb1                cstackBANK0  0020
??_rb2                cstackBANK0  0020
??_rb3                cstackBANK0  0020
??_rb4                cstackBANK0  0020
??_rb5                cstackBANK0  0020
??_rb6                cstackBANK0  0020
??_rb7                cstackBANK0  0020
?_main                cstackCOMMON 0071
?_ngat                cstackCOMMON 0071
?_rb0                 cstackCOMMON 0071
?_rb1                 cstackCOMMON 0071
?_rb2                 cstackCOMMON 0071
?_rb3                 cstackCOMMON 0071
?_rb4                 cstackCOMMON 0071
?_rb5                 cstackCOMMON 0071
?_rb6                 cstackCOMMON 0071
?_rb7                 cstackCOMMON 0071
_ANSEL                (abs)        0188
_ANSELH               (abs)        0189
_GIE                  (abs)        005F
_IOCB                 (abs)        0096
_PEIE                 (abs)        005E
_PORTC                (abs)        0007
_PORTD                (abs)        0008
_RB0                  (abs)        0030
_RB1                  (abs)        0031
_RB2                  (abs)        0032
_RB3                  (abs)        0033
_RB4                  (abs)        0034
_RB5                  (abs)        0035
_RB6                  (abs)        0036
_RB7                  (abs)        0037
_RBIE                 (abs)        005B
_RBIF                 (abs)        0058
_TRISB                (abs)        0086
_TRISC                (abs)        0087
_TRISD                (abs)        0088
__Habs1               abs1         0000
__Hbank0              bank0        0000
__Hbank1              bank1        0000
__Hbank2              bank2        0000
__Hbank3              bank3        0000
__HbitbssCOMMON       bitbssCOMMON 0000
__HbssCOMMON          bssCOMMON    0000
__Hcinit              cinit        0000
__Hclrtext            clrtext      0000
__Hcode               code         0000
__Hcommon             common       0000
__Hconfig             config       2008
__HcstackBANK0        cstackBANK0  0000
__HcstackCOMMON       cstackCOMMON 0000
__Heeprom_data        eeprom_data  0000
__Hend_init           end_init     000F
__Hfunctab            functab      0000
__Hidloc              idloc        0000
__Hinit               init         000C
__Hintentry           intentry     000C
__Hmaintext           maintext     0000
__Hpa_nodes           pa_nodes     0000
__Hpowerup            powerup      0000
__Hram                ram          0000
__Hreset_vec          reset_vec    0003
__Hsfr0               sfr0         0000
__Hsfr1               sfr1         0000
__Hsfr2               sfr2         0000
__Hsfr3               sfr3         0000
__Hstrings            strings      0000
__Htext               text         0000
__Labs1               abs1         0000
__Lbank0              bank0        0000
__Lbank1              bank1        0000
__Lbank2              bank2        0000
__Lbank3              bank3        0000
__LbitbssCOMMON       bitbssCOMMON 0000
__LbssCOMMON          bssCOMMON    0000
__Lcinit              cinit        0000
__Lclrtext            clrtext      0000
__Lcode               code         0000
__Lcommon             common       0000
__Lconfig             config       2007
__LcstackBANK0        cstackBANK0  0000
__LcstackCOMMON       cstackCOMMON 0000
__Leeprom_data        eeprom_data  0000
__Lend_init           end_init     000C
__Lfunctab            functab      0000
__Lidloc              idloc        0000
__Linit               init         000C
__Lintentry           intentry     0004
__Lmaintext           maintext     0000
__Lpa_nodes           pa_nodes     0000
__Lpowerup            powerup      0000
__Lram                ram          0000
__Lreset_vec          reset_vec    0000
__Lsfr0               sfr0         0000
__Lsfr1               sfr1         0000
__Lsfr2               sfr2         0000
__Lsfr3               sfr3         0000
__Lstrings            strings      0000
__Ltext               text         0000
__S0                  (abs)        2008
__S1                  (abs)        0078
__S2                  (abs)        0000
__end_of_main         maintext     00E8
__end_of_ngat         text367      018A
__end_of_rb0          text366      02E8
__end_of_rb1          text365      029A
__end_of_rb2          text364      036A
__end_of_rb3          text363      024C
__end_of_rb4          text362      01ED
__end_of_rb5          text361      0343
__end_of_rb6          text360      0317
__end_of_rb7          text359      0390
__pbitbssCOMMON       bitbssCOMMON 0380
__pbssCOMMON          bssCOMMON    0076
__pcstackBANK0        cstackBANK0  0020
__pcstackCOMMON       cstackCOMMON 0071
__pintentry           intentry     0004
__pmaintext           maintext     000F
__ptext358            text358      0000
__ptext359            text359      036A
__ptext360            text360      02EB
__ptext361            text361      0317
__ptext362            text362      0191
__ptext363            text363      01F0
__ptext364            text364      0343
__ptext365            text365      024F
__ptext366            text366      029D
__ptext367            text367      00E8
__ptext368            text368      0000
__size_of_main        (abs)        0000
__size_of_ngat        (abs)        0000
__size_of_rb0         (abs)        0000
__size_of_rb1         (abs)        0000
__size_of_rb2         (abs)        0000
__size_of_rb3         (abs)        0000
__size_of_rb4         (abs)        0000
__size_of_rb5         (abs)        0000
__size_of_rb6         (abs)        0000
__size_of_rb7         (abs)        0000
_exit                 init         000C
_fl_RB0               bitbssCOMMON 0380
_fl_RB1               bitbssCOMMON 0381
_fl_RB2               bitbssCOMMON 0382
_fl_RB3               bitbssCOMMON 0383
_fl_RB4               bitbssCOMMON 0384
_fl_RB5               bitbssCOMMON 0385
_fl_RB6               bitbssCOMMON 0386
_fl_RB7               bitbssCOMMON 0387
_i                    bssCOMMON    0076
_main                 maintext     000F
_ngat                 text367      00E8
_rb0                  text366      029D
_rb1                  text365      024F
_rb2                  text364      0343
_rb3                  text363      01F0
_rb4                  text362      0191
_rb5                  text361      0317
_rb6                  text360      02EB
_rb7                  text359      036A
btemp                 (abs)        007E
end_of_initialization cinit        0393
i1l1098                                
i1l2495                                
i1l2505                                
i1l2507                                
i1l2509                                
i1l2523                                
i1l2525                                
i1l2527                                
i1l2541                                
i1l2543                                
i1l2545                                
i1l2547                                
i1l2559                                
i1l2561                                
i1l2563                                
i1l2565                                
i1l2567                                
i1l2577                                
i1l2579                                
i1l2581                                
i1l2583                                
i1l2585                                
i1l2587                                
i1l2595                                
i1l2597                                
i1l2599                                
i1l2601                                
i1l2603                                
i1l2605                                
i1l2607                                
i1l2613                                
i1l2615                                
i1l2617                                
i1l2619                                
i1l2621                                
i1l2623                                
i1l2625                                
i1l2627                                
interrupt_function    intentry     0004
intlevel0             functab      0000
intlevel1             functab      0000
intlevel2             functab      0000
intlevel3             functab      0000
intlevel4             functab      0000
intlevel5             functab      0000
l1115                                  
l1122                                  
l1129                                  
l1142                                  
l2939                                  
l2941                                  
l2949                                  
l2951                                  
l2963                                  
l2965                                  
l2969                                  
l2971                                  
l2979                                  
l2981                                  
l2993                                  
l2995                                  
l2999                                  
l3001                                  
l3003                                  
l3011                                  
l3013                                  
l3025                                  
l3027                                  
l3033                                  
l3035                                  
l3037                                  
l3045                                  
l3047                                  
l3059                                  
l3061                                  
l3067                                  
l3069                                  
l3071                                  
l3079                                  
l3081                                  
l3083                                  
l3087                                  
l3089                                  
l3097                                  
l3099                                  
l3101                                  
l3105                                  
l3107                                  
l3109                                  
l3111                                  
l3113                                  
l3115                                  
l3117                                  
l3119                                  
l3121                                  
l3123                                  
l3125                                  
l3127                                  
l3133                                  
l3135                                  
l3139                                  
l3141                                  
l3145                                  
l3147                                  
l3151                                  
l3153                                  
l3157                                  
l3159                                  
l3163                                  
l3165                                  
l3169                                  
l3171                                  
l3175                                  
l3177                                  
reset_vec             reset_vec    0000
saved_w               (abs)        007E
start                 init         000C
start_initialization  cinit        0390
wtemp0                (abs)        007E
