HI-TECH Software C Compiler 

Linker command line:

--edf=C:\Program Files (x86)\HI-TECH Software\PICC\9.83\dat\en_msgs.txt -cs \
  -h+tmr0 counter.sym -z -Q16F887 -ol.obj -Mtmr0 counter.map -E1 \
  -ACONST=00h-0FFhx32 -ACODE=00h-07FFhx4 -ASTRCODE=00h-01FFFh \
  -AENTRY=00h-0FFhx32 -ASTRING=00h-0FFhx32 -ABANK0=020h-06Fh \
  -ABANK1=0A0h-0EFh -ABANK2=0110h-016Fh -ABANK3=0190h-01EFh \
  -ARAM=020h-06Fh,0A0h-0EFh,0110h-016Fh,0190h-01EFh \
  -AABS1=020h-07Fh,0A0h-0EFh,0110h-016Fh,0190h-01EFh -ACOMMON=070h-07Fh \
  -ASFR0=00h-01Fh -ASFR1=080h-09Fh -ASFR2=0100h-010Fh -ASFR3=0180h-018Fh \
  -preset_vec=00h,intentry=04h,init,end_init -ppowerup=CODE -pfunctab=CODE \
  -ACONFIG=02007h-02008h -pconfig=CONFIG -DCONFIG=2 -AIDLOC=02000h-02003h \
  -pidloc=IDLOC -DIDLOC=2 -AEEDATA=00h-0FFh/02100h -peeprom_data=EEDATA \
  -DEEDATA=2 -DCODE=2 -DSTRCODE=2 -DSTRING=2 -DCONST=2 -DENTRY=2 -k \
  startup.obj tmr0 counter.obj 

Object code version is 3.10

Machine type is 16F887



                Name                               Link     Load   Length Selector   Space Scale
startup.obj     end_init                              E        E        3        8       0
                reset_vec                             0        0        3        0       0
tmr0 counter.obj
                intentry                              4        4        A        8       0
                config                             2007     2007        1     400E       0
                text566                            15C2     15C2      11F     2B84       0
                text562                             834      834       CC     1068       0
                text544                             C43      C43      3BD     1886       0
                text541                             A52      A52      1F1     14A4       0
                text540                             900      900      152     1200       0
                text535                              11       11      7A5        8       0
                maintext                           16E1     16E1      11F     2DC2       0
                cstackBANK0                          20       20       48       20       1
                cstackCOMMON                         70       70        E       70       1
                cstackBANK1                          A0       A0       24       A0       1
                bssBANK1                             C4       C4        F       A0       1
                cinit                               7B6      7B6       14        8       0
                strings                            1000     1000       91     2000       0

TOTAL           Name                               Link     Load   Length     Space
        CLASS   CONST          

        CLASS   CODE           
                end_init                              E        E        3         0
                intentry                              4        4        A         0
                reset_vec                             0        0        3         0
                text566                            15C2     15C2      11F         0
                text562                             834      834       CC         0
                text544                             C43      C43      3BD         0
                text541                             A52      A52      1F1         0
                text540                             900      900      152         0
                text535                              11       11      7A5         0
                maintext                           16E1     16E1      11F         0
                cinit                               7B6      7B6       14         0

        CLASS   STRCODE        

        CLASS   ENTRY          

        CLASS   STRING         
                strings                            1000     1000       91         0

        CLASS   BANK0          
                cstackBANK0                          20       20       48         1

        CLASS   BANK1          
                cstackBANK1                          A0       A0       24         1
                bssBANK1                             C4       C4        F         1

        CLASS   BANK2          

        CLASS   BANK3          

        CLASS   RAM            

        CLASS   ABS1           
                abs_s1                               7E       7E        2         1

        CLASS   COMMON         
                cstackCOMMON                         70       70        E         1

        CLASS   SFR0           

        CLASS   SFR1           

        CLASS   SFR2           

        CLASS   SFR3           

        CLASS   CONFIG         
                config                             2007     2007        1         0

        CLASS   IDLOC          

        CLASS   EEDATA         



SEGMENTS        Name                           Load    Length   Top    Selector   Space  Class     Delta

                reset_vec                      000000  000003  000003         0       0  CODE        2
                intentry                       000004  0007C6  0007CA         8       0  CODE        2
                cstackBANK0                    000020  000048  000068        20       1  BANK0       1
                cstackCOMMON                   000070  00000E  00007E        70       1  COMMON      1
                cstackBANK1                    0000A0  000033  0000D3        A0       1  BANK1       1
                text562                        000834  0000CC  000900      1068       0  CODE        2
                text540                        000900  000152  000A52      1200       0  CODE        2
                text541                        000A52  0001F1  000C43      14A4       0  CODE        2
                text544                        000C43  0003BD  001000      1886       0  CODE        2
                strings                        001000  000091  001091      2000       0  STRING      2
                text566                        0015C2  00011F  0016E1      2B84       0  CODE        2
                maintext                       0016E1  00011F  001800      2DC2       0  CODE        2
                config                         002007  000001  002008      400E       0  CONFIG      2


UNUSED ADDRESS RANGES

        Name                Unused          Largest block    Delta
        BANK0            0068-006F              8           1
        BANK1            00D3-00EF             1D           1
        BANK2            0110-016F             60           1
        BANK3            0190-01EF             60           1
        CODE             0003-0003              1           2
                         07CA-0833             36
                         1091-15C1            531
                         1800-1FFF            800
        CONFIG           2008-2008              1           2
        CONST            0003-0003              1           2
                         07CA-0833             36
                         1091-15C1            100
                         1800-1FFF            100
        EEDATA           2100-21FF            100           2
        ENTRY            0003-0003              1           2
                         07CA-0833             36
                         1091-15C1            100
                         1800-1FFF            100
        IDLOC            2000-2003              4           2
        RAM              0068-006F              8           1
                         00D3-00EF             1D
                         0110-016F             60
                         0190-01EF             60
        SFR0             0000-001F             20           1
        SFR1             0080-009F             20           1
        SFR2             0100-010F             10           1
        SFR3             0180-018F             10           1
        STRCODE          0003-0003              1           2
                         07CA-0833             6A
                         1091-15C1            531
                         1800-1FFF            800
        STRING           0003-0003              1           2
                         07CA-0833             36
                         1091-15C1            100
                         1800-1FFF            100

                                  Symbol Table

??___awdiv             cstackBANK0  0032
??___awmod             cstackBANK0  002C
??___bmul              cstackBANK0  0032
??___ftadd             cstackBANK0  0058
??___ftdiv             cstackBANK0  0058
??___ftge              cstackBANK0  002E
??___ftmul             cstackBANK0  0049
??___ftneg             cstackBANK0  002B
??___ftpack            cstackBANK0  002D
??___ftsub             cstackBANK0  0064
??___fttol             cstackBANK0  003A
??___lbdiv             cstackBANK0  002E
??___lbmod             cstackBANK0  0029
??___lbtoft            cstackBANK0  0033
??___lldiv             cstackBANK0  0030
??___llmod             cstackBANK0  003D
??___lltoft            cstackBANK0  0034
??___wmul              cstackBANK0  002C
??__div_to_l_          cstackBANK0  002E
??__tdiv_to_l_         cstackBANK0  002E
??_fround              cstackBANK0  0061
??_isdigit             cstackBANK0  0028
??_isprint             cstackBANK0  0028
??_lcd_busy            cstackBANK0  0028
??_lcd_gotoxy          cstackBANK0  002E
??_lcd_init            cstackBANK0  002D
??_lcd_put_byte        cstackBANK0  0029
??_lcd_putc            cstackBANK0  0030
??_main                cstackBANK1  00C1
??_ngat                cstackBANK0  0026
??_printf              cstackBANK1  00A3
??_putch               cstackBANK0  0031
??_scale               cstackBANK0  0055
??i1___ftadd           cstackBANK0  0020
??i1___ftpack          cstackCOMMON 0075
?___awdiv              cstackBANK0  002E
?___awmod              cstackBANK0  0028
?___bmul               cstackBANK0  0031
?___ftadd              cstackBANK0  0052
?___ftdiv              cstackBANK0  0052
?___ftge               cstackBANK0  0028
?___ftmul              cstackBANK0  0043
?___ftneg              cstackBANK0  0028
?___ftpack             cstackBANK0  0028
?___ftsub              cstackBANK0  005E
?___fttol              cstackBANK0  0036
?___lbdiv              cstackBANK0  002D
?___lbmod              cstackBANK0  0028
?___lbtoft             cstackBANK0  0030
?___lldiv              cstackBANK0  0028
?___llmod              cstackBANK0  0035
?___lltoft             cstackBANK0  0030
?___wmul               cstackBANK0  0028
?__div_to_l_           cstackBANK0  0028
?__tdiv_to_l_          cstackBANK0  0028
?_fround               cstackBANK0  005E
?_isdigit              cstackCOMMON 0070
?_isprint              cstackCOMMON 0070
?_lcd_busy             cstackCOMMON 0070
?_lcd_gotoxy           cstackBANK0  002D
?_lcd_init             cstackCOMMON 0070
?_lcd_put_byte         cstackBANK0  0028
?_lcd_putc             cstackCOMMON 0070
?_main                 cstackCOMMON 0070
?_ngat                 cstackCOMMON 0070
?_printf               cstackBANK1  00A0
?_putch                cstackCOMMON 0070
?_scale                cstackBANK0  0052
?i1___ftadd            cstackCOMMON 0078
?i1___ftpack           cstackCOMMON 0070
_ANSEL                 (abs)        0188
_ANSELH                (abs)        0189
_GIE                   (abs)        005F
_PSA                   (abs)        040B
_RD1                   (abs)        0041
_RD2                   (abs)        0042
_RD3                   (abs)        0043
_RD4                   (abs)        0044
_RD5                   (abs)        0045
_RD6                   (abs)        0046
_RD7                   (abs)        0047
_T0CS                  (abs)        040D
_T0IE                  (abs)        005D
_T0IF                  (abs)        005A
_T0SE                  (abs)        040C
_TMR0                  (abs)        0001
_TRISA4                (abs)        042C
_TRISD                 (abs)        0088
_TRISD1                (abs)        0441
_TRISD2                (abs)        0442
_TRISD3                (abs)        0443
_TRISD4                (abs)        0444
_TRISD5                (abs)        0445
_TRISD6                (abs)        0446
_TRISD7                (abs)        0447
__Habs1                abs1         0000
__Hbank0               bank0        0000
__Hbank1               bank1        0000
__Hbank2               bank2        0000
__Hbank3               bank3        0000
__HbssBANK1            bssBANK1     0000
__Hcinit               cinit        0000
__Hclrtext             clrtext      0000
__Hcode                code         0000
__Hcommon              common       0000
__Hconfig              config       2008
__HcstackBANK0         cstackBANK0  0000
__HcstackBANK1         cstackBANK1  0000
__HcstackCOMMON        cstackCOMMON 0000
__Heeprom_data         eeprom_data  0000
__Hend_init            end_init     0011
__Hfunctab             functab      0000
__Hidloc               idloc        0000
__Hinit                init         000E
__Hintentry            intentry     000E
__Hmaintext            maintext     0000
__Hpa_nodes            pa_nodes     0000
__Hpowerup             powerup      0000
__Hram                 ram          0000
__Hreset_vec           reset_vec    0003
__Hsfr0                sfr0         0000
__Hsfr1                sfr1         0000
__Hsfr2                sfr2         0000
__Hsfr3                sfr3         0000
__Hstrings             strings      0000
__Htext                text         0000
__Labs1                abs1         0000
__Lbank0               bank0        0000
__Lbank1               bank1        0000
__Lbank2               bank2        0000
__Lbank3               bank3        0000
__LbssBANK1            bssBANK1     0000
__Lcinit               cinit        0000
__Lclrtext             clrtext      0000
__Lcode                code         0000
__Lcommon              common       0000
__Lconfig              config       2007
__LcstackBANK0         cstackBANK0  0000
__LcstackBANK1         cstackBANK1  0000
__LcstackCOMMON        cstackCOMMON 0000
__Leeprom_data         eeprom_data  0000
__Lend_init            end_init     000E
__Lfunctab             functab      0000
__Lidloc               idloc        0000
__Linit                init         000E
__Lintentry            intentry     0004
__Lmaintext            maintext     0000
__Lpa_nodes            pa_nodes     0000
__Lpowerup             powerup      0000
__Lram                 ram          0000
__Lreset_vec           reset_vec    0000
__Lsfr0                sfr0         0000
__Lsfr1                sfr1         0000
__Lsfr2                sfr2         0000
__Lsfr3                sfr3         0000
__Lstrings             strings      0000
__Ltext                text         0000
__S0                   (abs)        2008
__S1                   (abs)        00D3
__S2                   (abs)        0000
___awdiv               text544      0E6A
___awdiv@counter       cstackBANK0  0032
___awdiv@dividend      cstackBANK0  0030
___awdiv@divisor       cstackBANK0  002E
___awdiv@quotient      cstackBANK0  0034
___awdiv@sign          cstackBANK0  0033
___awmod               text544      0EAF
___awmod@counter       cstackBANK0  002C
___awmod@dividend      cstackBANK0  002A
___awmod@divisor       cstackBANK0  0028
___awmod@sign          cstackBANK0  002D
___bmul                text544      0F5B
___bmul@multiplicand   cstackBANK0  0031
___bmul@multiplier     cstackBANK0  0033
___bmul@product        cstackBANK0  0032
___ftadd               text535      064F
___ftadd@exp1          cstackBANK0  005D
___ftadd@exp2          cstackBANK0  005C
___ftadd@f1            cstackBANK0  0052
___ftadd@f2            cstackBANK0  0055
___ftadd@sign          cstackBANK0  005B
___ftdiv               text544      0C70
___ftdiv@cntr          cstackBANK0  005B
___ftdiv@exp           cstackBANK0  005F
___ftdiv@f1            cstackBANK0  0055
___ftdiv@f2            cstackBANK0  0052
___ftdiv@f3            cstackBANK0  005C
___ftdiv@sign          cstackBANK0  0060
___ftge                text535      049B
___ftge@ff1            cstackBANK0  0028
___ftge@ff2            cstackBANK0  002B
___ftmul               text544      0EEC
___ftmul@cntr          cstackBANK0  0050
___ftmul@exp           cstackBANK0  004C
___ftmul@f1            cstackBANK0  0043
___ftmul@f2            cstackBANK0  0046
___ftmul@f3_as_product cstackBANK0  004D
___ftmul@sign          cstackBANK0  0051
___ftneg               text535      0647
___ftneg@f1            cstackBANK0  0028
___ftpack              text544      0F69
___ftpack@arg          cstackBANK0  0028
___ftpack@exp          cstackBANK0  002B
___ftpack@sign         cstackBANK0  002C
___ftsub               text535      0711
___ftsub@f1            cstackBANK0  0061
___ftsub@f2            cstackBANK0  005E
___fttol               text535      04EF
___fttol@exp1          cstackBANK0  0042
___fttol@f1            cstackBANK0  0036
___fttol@lval          cstackBANK0  003E
___fttol@sign1         cstackBANK0  003D
___lbdiv               text540      0A05
___lbdiv@counter       cstackBANK0  002F
___lbdiv@dividend      cstackBANK0  002E
___lbdiv@divisor       cstackBANK0  002D
___lbdiv@quotient      cstackBANK0  0030
___lbmod               text540      0A20
___lbmod@counter       cstackBANK0  002B
___lbmod@dividend      cstackBANK0  002A
___lbmod@divisor       cstackBANK0  0028
___lbmod@rem           cstackBANK0  002C
___lbtoft              text544      0C43
___lbtoft@c            cstackBANK0  0033
___lldiv               text535      0588
___lldiv@counter       cstackBANK0  0034
___lldiv@dividend      cstackBANK0  002C
___lldiv@divisor       cstackBANK0  0028
___lldiv@quotient      cstackBANK0  0030
___llmod               text535      054A
___llmod@counter       cstackBANK0  003D
___llmod@dividend      cstackBANK0  0039
___llmod@divisor       cstackBANK0  0035
___lltoft              text544      0C52
___lltoft@c            cstackBANK0  0030
___lltoft@exp          cstackBANK0  0034
___wmul                text535      04D6
___wmul@multiplicand   cstackBANK0  002A
___wmul@multiplier     cstackBANK0  0028
___wmul@product        cstackBANK0  002C
__div_to_l_            text562      0834
__div_to_l_@cntr       cstackBANK0  003A
__div_to_l_@exp1       cstackBANK0  003B
__div_to_l_@f1         cstackBANK0  0028
__div_to_l_@f2         cstackBANK0  002B
__div_to_l_@quot       cstackBANK0  0036
__end_of___awdiv       text544      0EAF
__end_of___awmod       text544      0EEC
__end_of___bmul        text544      0F69
__end_of___ftadd       text535      0711
__end_of___ftdiv       text544      0CD8
__end_of___ftge        text535      04C7
__end_of___ftmul       text544      0F5B
__end_of___ftneg       text535      064F
__end_of___ftpack      text544      0FA7
__end_of___ftsub       text535      0727
__end_of___fttol       text535      054A
__end_of___lbdiv       text540      0A20
__end_of___lbmod       text540      0A3C
__end_of___lbtoft      text544      0C52
__end_of___lldiv       text535      05D0
__end_of___llmod       text535      0588
__end_of___lltoft      text544      0C70
__end_of___wmul        text535      04EF
__end_of__div_to_l_    text562      08F3
__end_of__tdiv_to_l_   text535      0647
__end_of_fround        text540      0A05
__end_of_isdigit       text535      04D6
__end_of_isprint       text541      0C3E
__end_of_lcd_busy      text541      0C30
__end_of_lcd_gotoxy    text541      0A6A
__end_of_lcd_init      text541      0B5A
__end_of_lcd_put_byte  text541      0C05
__end_of_lcd_putc      text541      0A99
__end_of_main          maintext     1800
__end_of_ngat          text566      15E2
__end_of_printf        text535      0495
__end_of_putch         text535      049B
__end_of_scale         text544      0E6A
__end_ofi1___ftadd     text566      16A3
__end_ofi1___ftpack    text566      16E1
__npowers_             strings      1006
__pbssBANK1            bssBANK1     00C4
__pcstackBANK0         cstackBANK0  0020
__pcstackBANK1         cstackBANK1  00A0
__pcstackCOMMON        cstackCOMMON 0070
__pintentry            intentry     0004
__pmaintext            maintext     16E1
__powers_              strings      102D
__pstrings             strings      1000
__ptext535             text535      0011
__ptext536             text535      0495
__ptext537             text541      0A6A
__ptext538             text535      0711
__ptext539             text544      0CD8
__ptext540             text540      0900
__ptext541             text541      0A52
__ptext542             text541      0A99
__ptext543             text544      0C52
__ptext544             text544      0C43
__ptext545             text544      0EEC
__ptext546             text544      0C70
__ptext547             text535      064F
__ptext548             text541      0C05
__ptext549             text541      0B5A
__ptext550             text544      0EAF
__ptext551             text535      0588
__ptext552             text535      049B
__ptext553             text535      0647
__ptext554             text535      054A
__ptext555             text544      0E6A
__ptext556             text535      04EF
__ptext557             text544      0F69
__ptext558             text540      0A20
__ptext559             text540      0A05
__ptext560             text535      04D6
__ptext561             text544      0F5B
__ptext562             text562      0834
__ptext563             text535      05D0
__ptext564             text535      04C7
__ptext565             text541      0C30
__ptext566             text566      15C2
__ptext567             text566      15E2
__ptext568             text566      16A3
__ptext569             text569      0000
__size_of___awdiv      (abs)        0000
__size_of___awmod      (abs)        0000
__size_of___bmul       (abs)        0000
__size_of___ftadd      (abs)        0000
__size_of___ftdiv      (abs)        0000
__size_of___ftge       (abs)        0000
__size_of___ftmul      (abs)        0000
__size_of___ftneg      (abs)        0000
__size_of___ftpack     (abs)        0000
__size_of___ftsub      (abs)        0000
__size_of___fttol      (abs)        0000
__size_of___lbdiv      (abs)        0000
__size_of___lbmod      (abs)        0000
__size_of___lbtoft     (abs)        0000
__size_of___lldiv      (abs)        0000
__size_of___llmod      (abs)        0000
__size_of___lltoft     (abs)        0000
__size_of___wmul       (abs)        0000
__size_of__div_to_l_   (abs)        0000
__size_of__tdiv_to_l_  (abs)        0000
__size_of_fround       (abs)        0000
__size_of_isdigit      (abs)        0000
__size_of_isprint      (abs)        0000
__size_of_lcd_busy     (abs)        0000
__size_of_lcd_gotoxy   (abs)        0000
__size_of_lcd_init     (abs)        0000
__size_of_lcd_put_byte (abs)        0000
__size_of_lcd_putc     (abs)        0000
__size_of_main         (abs)        0000
__size_of_ngat         (abs)        0000
__size_of_printf       (abs)        0000
__size_of_putch        (abs)        0000
__size_of_scale        (abs)        0000
__size_ofi1___ftadd    (abs)        0000
__size_ofi1___ftpack   (abs)        0000
__tdiv_to_l_           text535      05D0
__tdiv_to_l_@cntr      cstackBANK0  0035
__tdiv_to_l_@exp1      cstackBANK0  0036
__tdiv_to_l_@f1        cstackBANK0  0028
__tdiv_to_l_@f2        cstackBANK0  002B
__tdiv_to_l_@quot      cstackBANK0  0031
_dem                   bssBANK1     00C4
_dpowers               strings      1054
_exit                  init         000E
_fround                text540      0900
_fround$4110           cstackBANK0  0064
_fround$4111           cstackBANK0  0061
_isdigit               text535      04C7
_isdigit$3669          cstackBANK0  0028
_isprint               text541      0C30
_isprint$3672          cstackBANK0  0028
_kq                    bssBANK1     00C7
_lcd_busy              text541      0C05
_lcd_gotoxy            text541      0A52
_lcd_init              text541      0A99
_lcd_put_byte          text541      0B5A
_lcd_putc              text541      0A6A
_main                  maintext     16E1
_ngat                  text566      15C2
_printf                text535      0011
_printf$3161           cstackBANK1  00A8
_putch                 text535      0495
_rpm                   bssBANK1     00CA
_scale                 text544      0CD8
_scale$4112            cstackBANK0  0059
_sum                   bssBANK1     00CD
_tam                   bssBANK1     00D0
btemp                  (abs)        007E
end_of_initialization  cinit        07C6
fround@prec            cstackBANK0  0067
i1___ftadd             text566      15E2
i1___ftadd@exp1        cstackBANK0  0025
i1___ftadd@exp2        cstackBANK0  0024
i1___ftadd@f1          cstackCOMMON 0078
i1___ftadd@f2          cstackCOMMON 007B
i1___ftadd@sign        cstackBANK0  0023
i1___ftpack            text566      16A3
i1___ftpack@arg        cstackCOMMON 0070
i1___ftpack@exp        cstackCOMMON 0073
i1___ftpack@sign       cstackCOMMON 0074
i1l6302                                 
i1l6308                                 
i1l6722                                 
i1l6724                                 
i1l6726                                 
i1l6736                                 
i1l6742                                 
i1l6748                                 
i1l6750                                 
i1l6754                                 
i1l6766                                 
i1l6776                                 
i1l6782                                 
i1l6786                                 
i1l6788                                 
i1l6792                                 
i1l6794                                 
i1l6800                                 
i1l6802                                 
i1l6822                                 
i1l6824                                 
i1l6826                                 
interrupt_function     intentry     0004
intlevel0              functab      0000
intlevel1              functab      0000
intlevel2              functab      0000
intlevel3              functab      0000
intlevel4              functab      0000
intlevel5              functab      0000
isdigit@c              cstackBANK0  0029
isprint@c              cstackBANK0  0029
l1051                                   
l2111                                   
l2114                                   
l2122                                   
l2145                                   
l3248                                   
l3253                                   
l3263                                   
l3269                                   
l3299                                   
l3305                                   
l3349                                   
l3391                                   
l3416                                   
l3426                                   
l3430                                   
l3445                                   
l3484                                   
l3506                                   
l3514                                   
l3557                                   
l6310                                   
l6312                                   
l6322                                   
l6324                                   
l6334                                   
l6342                                   
l6344                                   
l6346                                   
l6348                                   
l6350                                   
l6354                                   
l6358                                   
l6362                                   
l6370                                   
l6382                                   
l6392                                   
l6394                                   
l6396                                   
l6398                                   
l6402                                   
l6406                                   
l6408                                   
l6416                                   
l6428                                   
l6436                                   
l6438                                   
l6444                                   
l6452                                   
l6454                                   
l6460                                   
l6462                                   
l6464                                   
l6470                                   
l6474                                   
l6478                                   
l6484                                   
l6486                                   
l6490                                   
l6492                                   
l6498                                   
l6502                                   
l6504                                   
l6524                                   
l6526                                   
l6528                                   
l6530                                   
l6536                                   
l6538                                   
l6540                                   
l6542                                   
l6544                                   
l6552                                   
l6562                                   
l6568                                   
l6570                                   
l6574                                   
l6580                                   
l6584                                   
l6594                                   
l6598                                   
l6602                                   
l6606                                   
l6612                                   
l6626                                   
l6632                                   
l6640                                   
l6650                                   
l6652                                   
l6660                                   
l6662                                   
l6672                                   
l6676                                   
l6680                                   
l6686                                   
l6688                                   
l6692                                   
l6712                                   
l6716                                   
l6828                                   
l6830                                   
l6832                                   
l6836                                   
l6838                                   
l6840                                   
l6848                                   
l6850                                   
l6852                                   
l6860                                   
l6862                                   
l6864                                   
l6866                                   
l6868                                   
l6870                                   
l6872                                   
l6874                                   
l6878                                   
l6880                                   
l6882                                   
l6892                                   
l6898                                   
l6904                                   
l6906                                   
l6910                                   
l6922                                   
l6932                                   
l6938                                   
l6942                                   
l6944                                   
l6948                                   
l6950                                   
l6956                                   
l6968                                   
l6970                                   
l6972                                   
l6974                                   
l6976                                   
l6978                                   
l6980                                   
l6982                                   
l6984                                   
l6990                                   
l6994                                   
l6996                                   
l7000                                   
l7014                                   
l7016                                   
l7018                                   
l7020                                   
l7022                                   
l7024                                   
l7026                                   
l7028                                   
l7036                                   
l7038                                   
l7040                                   
l7048                                   
l7050                                   
l7052                                   
l7056                                   
l7060                                   
l7070                                   
l7072                                   
l7074                                   
l7076                                   
l7078                                   
l7080                                   
l7108                                   
l7110                                   
l7116                                   
l7120                                   
l7124                                   
l7134                                   
l7142                                   
l7146                                   
l7182                                   
l7184                                   
l7188                                   
l7206                                   
l7208                                   
l7216                                   
l7222                                   
l7224                                   
l7230                                   
l7232                                   
l7236                                   
l7242                                   
l7256                                   
l7258                                   
l7262                                   
l7266                                   
l7270                                   
l7272                                   
l7274                                   
l7276                                   
l7278                                   
l7280                                   
l7286                                   
l7288                                   
l7318                                   
l7320                                   
l7322                                   
l7326                                   
l7340                                   
l7344                                   
l7368                                   
l7378                                   
l7386                                   
l7428                                   
l7436                                   
l7438                                   
l7440                                   
l7442                                   
l7444                                   
l7446                                   
l7448                                   
l7450                                   
l7452                                   
l7456                                   
l7458                                   
l7460                                   
l7462                                   
l7464                                   
l7466                                   
l7468                                   
l7470                                   
l7472                                   
lcd_busy@busy          cstackBANK0  0029
lcd_gotoxy@address     cstackBANK0  002F
lcd_gotoxy@col         cstackBANK0  002E
lcd_gotoxy@row         cstackBANK0  002D
lcd_put_byte@b         cstackBANK0  0028
lcd_put_byte@rs        cstackBANK0  002B
lcd_put_byte@temp      cstackBANK0  002C
lcd_putc@c             cstackBANK0  0030
printf@_val            cstackBANK1  00B0
printf@ap              cstackBANK1  00AC
printf@c               cstackBANK1  00C0
printf@exp             cstackBANK1  00B9
printf@f               cstackBANK1  00B6
printf@flag            cstackBANK1  00B4
printf@fval            cstackBANK1  00BB
printf@integ           cstackBANK1  00AD
printf@prec            cstackBANK1  00BE
printf@width           cstackBANK1  00B7
putch@ki_tu            cstackBANK0  0031
reset_vec              reset_vec    0000
saved_w                (abs)        007E
scale@scl              cstackBANK0  005C
start                  init         000E
start_initialization   cinit        07B6
u2870                                   
u4250                                   
wtemp0                 (abs)        007E
